ARM GAS  /tmp/ccl2IQLL.s 			page 1


   1              		.cpu cortex-m3
   2              		.arch armv7-m
   3              		.fpu softvfp
   4              		.eabi_attribute 20, 1
   5              		.eabi_attribute 21, 1
   6              		.eabi_attribute 23, 3
   7              		.eabi_attribute 24, 1
   8              		.eabi_attribute 25, 1
   9              		.eabi_attribute 26, 1
  10              		.eabi_attribute 30, 1
  11              		.eabi_attribute 34, 1
  12              		.eabi_attribute 18, 4
  13              		.file	"stm32f1xx_hal_msp.c"
  14              		.text
  15              	.Ltext0:
  16              		.cfi_sections	.debug_frame
  17              		.file 1 "Core/Src/stm32f1xx_hal_msp.c"
  18              		.section	.text.HAL_MspInit,"ax",%progbits
  19              		.align	1
  20              		.global	HAL_MspInit
  21              		.syntax unified
  22              		.thumb
  23              		.thumb_func
  25              	HAL_MspInit:
  26              	.LFB65:
   1:Core/Src/stm32f1xx_hal_msp.c **** /* USER CODE BEGIN Header */
   2:Core/Src/stm32f1xx_hal_msp.c **** /**
   3:Core/Src/stm32f1xx_hal_msp.c ****  ******************************************************************************
   4:Core/Src/stm32f1xx_hal_msp.c ****  * @file         stm32f1xx_hal_msp.c
   5:Core/Src/stm32f1xx_hal_msp.c ****  * @brief        This file provides code for the MSP Initialization
   6:Core/Src/stm32f1xx_hal_msp.c ****  *               and de-Initialization codes.
   7:Core/Src/stm32f1xx_hal_msp.c ****  ******************************************************************************
   8:Core/Src/stm32f1xx_hal_msp.c ****  * @attention
   9:Core/Src/stm32f1xx_hal_msp.c ****  *
  10:Core/Src/stm32f1xx_hal_msp.c ****  * Copyright (c) 2026 STMicroelectronics.
  11:Core/Src/stm32f1xx_hal_msp.c ****  * All rights reserved.
  12:Core/Src/stm32f1xx_hal_msp.c ****  *
  13:Core/Src/stm32f1xx_hal_msp.c ****  * This software is licensed under terms that can be found in the LICENSE file
  14:Core/Src/stm32f1xx_hal_msp.c ****  * in the root directory of this software component.
  15:Core/Src/stm32f1xx_hal_msp.c ****  * If no LICENSE file comes with this software, it is provided AS-IS.
  16:Core/Src/stm32f1xx_hal_msp.c ****  *
  17:Core/Src/stm32f1xx_hal_msp.c ****  ******************************************************************************
  18:Core/Src/stm32f1xx_hal_msp.c ****  */
  19:Core/Src/stm32f1xx_hal_msp.c **** /* USER CODE END Header */
  20:Core/Src/stm32f1xx_hal_msp.c **** 
  21:Core/Src/stm32f1xx_hal_msp.c **** /* Includes ------------------------------------------------------------------*/
  22:Core/Src/stm32f1xx_hal_msp.c **** #include "main.h"
  23:Core/Src/stm32f1xx_hal_msp.c **** /* USER CODE BEGIN Includes */
  24:Core/Src/stm32f1xx_hal_msp.c **** 
  25:Core/Src/stm32f1xx_hal_msp.c **** /* USER CODE END Includes */
  26:Core/Src/stm32f1xx_hal_msp.c **** 
  27:Core/Src/stm32f1xx_hal_msp.c **** /* Private typedef -----------------------------------------------------------*/
  28:Core/Src/stm32f1xx_hal_msp.c **** /* USER CODE BEGIN TD */
  29:Core/Src/stm32f1xx_hal_msp.c **** 
  30:Core/Src/stm32f1xx_hal_msp.c **** /* USER CODE END TD */
  31:Core/Src/stm32f1xx_hal_msp.c **** 
  32:Core/Src/stm32f1xx_hal_msp.c **** /* Private define ------------------------------------------------------------*/
ARM GAS  /tmp/ccl2IQLL.s 			page 2


  33:Core/Src/stm32f1xx_hal_msp.c **** /* USER CODE BEGIN Define */
  34:Core/Src/stm32f1xx_hal_msp.c **** 
  35:Core/Src/stm32f1xx_hal_msp.c **** /* USER CODE END Define */
  36:Core/Src/stm32f1xx_hal_msp.c **** 
  37:Core/Src/stm32f1xx_hal_msp.c **** /* Private macro -------------------------------------------------------------*/
  38:Core/Src/stm32f1xx_hal_msp.c **** /* USER CODE BEGIN Macro */
  39:Core/Src/stm32f1xx_hal_msp.c **** 
  40:Core/Src/stm32f1xx_hal_msp.c **** /* USER CODE END Macro */
  41:Core/Src/stm32f1xx_hal_msp.c **** 
  42:Core/Src/stm32f1xx_hal_msp.c **** /* Private variables ---------------------------------------------------------*/
  43:Core/Src/stm32f1xx_hal_msp.c **** /* USER CODE BEGIN PV */
  44:Core/Src/stm32f1xx_hal_msp.c **** 
  45:Core/Src/stm32f1xx_hal_msp.c **** /* USER CODE END PV */
  46:Core/Src/stm32f1xx_hal_msp.c **** 
  47:Core/Src/stm32f1xx_hal_msp.c **** /* Private function prototypes -----------------------------------------------*/
  48:Core/Src/stm32f1xx_hal_msp.c **** /* USER CODE BEGIN PFP */
  49:Core/Src/stm32f1xx_hal_msp.c **** 
  50:Core/Src/stm32f1xx_hal_msp.c **** /* USER CODE END PFP */
  51:Core/Src/stm32f1xx_hal_msp.c **** 
  52:Core/Src/stm32f1xx_hal_msp.c **** /* External functions --------------------------------------------------------*/
  53:Core/Src/stm32f1xx_hal_msp.c **** /* USER CODE BEGIN ExternalFunctions */
  54:Core/Src/stm32f1xx_hal_msp.c **** 
  55:Core/Src/stm32f1xx_hal_msp.c **** /* USER CODE END ExternalFunctions */
  56:Core/Src/stm32f1xx_hal_msp.c **** 
  57:Core/Src/stm32f1xx_hal_msp.c **** /* USER CODE BEGIN 0 */
  58:Core/Src/stm32f1xx_hal_msp.c **** 
  59:Core/Src/stm32f1xx_hal_msp.c **** /* USER CODE END 0 */
  60:Core/Src/stm32f1xx_hal_msp.c **** /**
  61:Core/Src/stm32f1xx_hal_msp.c ****  * Initializes the Global MSP.
  62:Core/Src/stm32f1xx_hal_msp.c ****  */
  63:Core/Src/stm32f1xx_hal_msp.c **** void HAL_MspInit(void)
  64:Core/Src/stm32f1xx_hal_msp.c **** {
  27              		.loc 1 64 1 view -0
  28              		.cfi_startproc
  29              		@ args = 0, pretend = 0, frame = 8
  30              		@ frame_needed = 0, uses_anonymous_args = 0
  31              		@ link register save eliminated.
  32 0000 82B0     		sub	sp, sp, #8
  33              	.LCFI0:
  34              		.cfi_def_cfa_offset 8
  65:Core/Src/stm32f1xx_hal_msp.c ****     /* USER CODE BEGIN MspInit 0 */
  66:Core/Src/stm32f1xx_hal_msp.c **** 
  67:Core/Src/stm32f1xx_hal_msp.c ****     /* USER CODE END MspInit 0 */
  68:Core/Src/stm32f1xx_hal_msp.c **** 
  69:Core/Src/stm32f1xx_hal_msp.c ****     __HAL_RCC_AFIO_CLK_ENABLE();
  35              		.loc 1 69 5 view .LVU1
  36              	.LBB2:
  37              		.loc 1 69 5 view .LVU2
  38              		.loc 1 69 5 view .LVU3
  39 0002 0A4B     		ldr	r3, .L3
  40 0004 9A69     		ldr	r2, [r3, #24]
  41 0006 42F00102 		orr	r2, r2, #1
  42 000a 9A61     		str	r2, [r3, #24]
  43              		.loc 1 69 5 view .LVU4
  44 000c 9A69     		ldr	r2, [r3, #24]
  45 000e 02F00102 		and	r2, r2, #1
  46 0012 0092     		str	r2, [sp]
ARM GAS  /tmp/ccl2IQLL.s 			page 3


  47              		.loc 1 69 5 view .LVU5
  48 0014 009A     		ldr	r2, [sp]
  49              	.LBE2:
  50              		.loc 1 69 5 view .LVU6
  70:Core/Src/stm32f1xx_hal_msp.c ****     __HAL_RCC_PWR_CLK_ENABLE();
  51              		.loc 1 70 5 view .LVU7
  52              	.LBB3:
  53              		.loc 1 70 5 view .LVU8
  54              		.loc 1 70 5 view .LVU9
  55 0016 DA69     		ldr	r2, [r3, #28]
  56 0018 42F08052 		orr	r2, r2, #268435456
  57 001c DA61     		str	r2, [r3, #28]
  58              		.loc 1 70 5 view .LVU10
  59 001e DB69     		ldr	r3, [r3, #28]
  60 0020 03F08053 		and	r3, r3, #268435456
  61 0024 0193     		str	r3, [sp, #4]
  62              		.loc 1 70 5 view .LVU11
  63 0026 019B     		ldr	r3, [sp, #4]
  64              	.LBE3:
  65              		.loc 1 70 5 view .LVU12
  71:Core/Src/stm32f1xx_hal_msp.c **** 
  72:Core/Src/stm32f1xx_hal_msp.c ****     /* System interrupt init*/
  73:Core/Src/stm32f1xx_hal_msp.c **** 
  74:Core/Src/stm32f1xx_hal_msp.c ****     /* USER CODE BEGIN MspInit 1 */
  75:Core/Src/stm32f1xx_hal_msp.c **** 
  76:Core/Src/stm32f1xx_hal_msp.c ****     /* USER CODE END MspInit 1 */
  77:Core/Src/stm32f1xx_hal_msp.c **** }
  66              		.loc 1 77 1 is_stmt 0 view .LVU13
  67 0028 02B0     		add	sp, sp, #8
  68              	.LCFI1:
  69              		.cfi_def_cfa_offset 0
  70              		@ sp needed
  71 002a 7047     		bx	lr
  72              	.L4:
  73              		.align	2
  74              	.L3:
  75 002c 00100240 		.word	1073876992
  76              		.cfi_endproc
  77              	.LFE65:
  79              		.section	.text.HAL_TIM_Base_MspInit,"ax",%progbits
  80              		.align	1
  81              		.global	HAL_TIM_Base_MspInit
  82              		.syntax unified
  83              		.thumb
  84              		.thumb_func
  86              	HAL_TIM_Base_MspInit:
  87              	.LVL0:
  88              	.LFB66:
  78:Core/Src/stm32f1xx_hal_msp.c **** 
  79:Core/Src/stm32f1xx_hal_msp.c **** /* USER CODE BEGIN 1 */
  80:Core/Src/stm32f1xx_hal_msp.c **** /**
  81:Core/Src/stm32f1xx_hal_msp.c ****  * @brief TIM_Base MSP Initialization
  82:Core/Src/stm32f1xx_hal_msp.c ****  * This function configures the hardware resources used in this example
  83:Core/Src/stm32f1xx_hal_msp.c ****  * @param htim_base: TIM_Base handle pointer
  84:Core/Src/stm32f1xx_hal_msp.c ****  * @retval None
  85:Core/Src/stm32f1xx_hal_msp.c ****  */
  86:Core/Src/stm32f1xx_hal_msp.c **** void HAL_TIM_Base_MspInit(TIM_HandleTypeDef* htim_base)
ARM GAS  /tmp/ccl2IQLL.s 			page 4


  87:Core/Src/stm32f1xx_hal_msp.c **** {
  89              		.loc 1 87 1 is_stmt 1 view -0
  90              		.cfi_startproc
  91              		@ args = 0, pretend = 0, frame = 8
  92              		@ frame_needed = 0, uses_anonymous_args = 0
  93              		@ link register save eliminated.
  88:Core/Src/stm32f1xx_hal_msp.c ****     if (htim_base->Instance == TIM2) {
  94              		.loc 1 88 5 view .LVU15
  95              		.loc 1 88 18 is_stmt 0 view .LVU16
  96 0000 0368     		ldr	r3, [r0]
  97              		.loc 1 88 8 view .LVU17
  98 0002 B3F1804F 		cmp	r3, #1073741824
  99 0006 00D0     		beq	.L11
 100 0008 7047     		bx	lr
 101              	.L11:
  87:Core/Src/stm32f1xx_hal_msp.c ****     if (htim_base->Instance == TIM2) {
 102              		.loc 1 87 1 view .LVU18
 103 000a 82B0     		sub	sp, sp, #8
 104              	.LCFI2:
 105              		.cfi_def_cfa_offset 8
  89:Core/Src/stm32f1xx_hal_msp.c ****         /* USER CODE BEGIN TIM2_MspInit 0 */
  90:Core/Src/stm32f1xx_hal_msp.c **** 
  91:Core/Src/stm32f1xx_hal_msp.c ****         /* USER CODE END TIM2_MspInit 0 */
  92:Core/Src/stm32f1xx_hal_msp.c ****         /* Peripheral clock enable */
  93:Core/Src/stm32f1xx_hal_msp.c ****         __HAL_RCC_TIM2_CLK_ENABLE();
 106              		.loc 1 93 9 is_stmt 1 view .LVU19
 107              	.LBB4:
 108              		.loc 1 93 9 view .LVU20
 109              		.loc 1 93 9 view .LVU21
 110 000c 03F50433 		add	r3, r3, #135168
 111 0010 DA69     		ldr	r2, [r3, #28]
 112 0012 42F00102 		orr	r2, r2, #1
 113 0016 DA61     		str	r2, [r3, #28]
 114              		.loc 1 93 9 view .LVU22
 115 0018 DB69     		ldr	r3, [r3, #28]
 116 001a 03F00103 		and	r3, r3, #1
 117 001e 0193     		str	r3, [sp, #4]
 118              		.loc 1 93 9 view .LVU23
 119 0020 019B     		ldr	r3, [sp, #4]
 120              	.LBE4:
 121              		.loc 1 93 9 discriminator 1 view .LVU24
  94:Core/Src/stm32f1xx_hal_msp.c ****         /* USER CODE BEGIN TIM2_MspInit 1 */
  95:Core/Src/stm32f1xx_hal_msp.c **** 
  96:Core/Src/stm32f1xx_hal_msp.c ****         /* USER CODE END TIM2_MspInit 1 */
  97:Core/Src/stm32f1xx_hal_msp.c ****     }
  98:Core/Src/stm32f1xx_hal_msp.c **** }
 122              		.loc 1 98 1 is_stmt 0 view .LVU25
 123 0022 02B0     		add	sp, sp, #8
 124              	.LCFI3:
 125              		.cfi_def_cfa_offset 0
 126              		@ sp needed
 127 0024 7047     		bx	lr
 128              		.cfi_endproc
 129              	.LFE66:
 131              		.text
 132              	.Letext0:
 133              		.file 2 "Drivers/CMSIS/Device/ST/STM32F1xx/Include/stm32f103xb.h"
ARM GAS  /tmp/ccl2IQLL.s 			page 5


 134              		.file 3 "/usr/lib/gcc/arm-none-eabi/14.2.1/include/stdint.h"
 135              		.file 4 "Drivers/STM32F1xx_HAL_Driver/Inc/stm32f1xx_hal_def.h"
 136              		.file 5 "Drivers/STM32F1xx_HAL_Driver/Inc/stm32f1xx_hal_dma.h"
 137              		.file 6 "Drivers/STM32F1xx_HAL_Driver/Inc/stm32f1xx_hal_tim.h"
ARM GAS  /tmp/ccl2IQLL.s 			page 6


DEFINED SYMBOLS
                            *ABS*:00000000 stm32f1xx_hal_msp.c
     /tmp/ccl2IQLL.s:19     .text.HAL_MspInit:00000000 $t
     /tmp/ccl2IQLL.s:25     .text.HAL_MspInit:00000000 HAL_MspInit
     /tmp/ccl2IQLL.s:75     .text.HAL_MspInit:0000002c $d
     /tmp/ccl2IQLL.s:80     .text.HAL_TIM_Base_MspInit:00000000 $t
     /tmp/ccl2IQLL.s:86     .text.HAL_TIM_Base_MspInit:00000000 HAL_TIM_Base_MspInit

NO UNDEFINED SYMBOLS
