Archive member included to satisfy reference by file (symbol)

/usr/lib/gcc/arm-none-eabi/14.2.1/../../../arm-none-eabi/lib/thumb/v7-m/nofp/libc_nano.a(libc_a-init.o)
                              /usr/lib/gcc/arm-none-eabi/14.2.1/../../../arm-none-eabi/lib/thumb/v7-m/nofp/crt0.o (__libc_init_array)
/usr/lib/gcc/arm-none-eabi/14.2.1/../../../arm-none-eabi/lib/thumb/v7-m/nofp/libc_nano.a(libc_a-memset.o)
                              /usr/lib/gcc/arm-none-eabi/14.2.1/../../../arm-none-eabi/lib/thumb/v7-m/nofp/crt0.o (memset)
/usr/lib/gcc/arm-none-eabi/14.2.1/../../../arm-none-eabi/lib/thumb/v7-m/nofp/libc_nano.a(libc_a-exit.o)
                              /usr/lib/gcc/arm-none-eabi/14.2.1/../../../arm-none-eabi/lib/thumb/v7-m/nofp/crt0.o (exit)
/usr/lib/gcc/arm-none-eabi/14.2.1/../../../arm-none-eabi/lib/thumb/v7-m/nofp/libc_nano.a(libc_a-atexit.o)
                              /usr/lib/gcc/arm-none-eabi/14.2.1/../../../arm-none-eabi/lib/thumb/v7-m/nofp/crt0.o (atexit)
/usr/lib/gcc/arm-none-eabi/14.2.1/../../../arm-none-eabi/lib/thumb/v7-m/nofp/libc_nano.a(libc_a-fini.o)
                              /usr/lib/gcc/arm-none-eabi/14.2.1/../../../arm-none-eabi/lib/thumb/v7-m/nofp/crt0.o (__libc_fini_array)
/usr/lib/gcc/arm-none-eabi/14.2.1/../../../arm-none-eabi/lib/thumb/v7-m/nofp/libc_nano.a(libc_a-findfp.o)
                              /usr/lib/gcc/arm-none-eabi/14.2.1/../../../arm-none-eabi/lib/thumb/v7-m/nofp/libc_nano.a(libc_a-exit.o) (__stdio_exit_handler)
/usr/lib/gcc/arm-none-eabi/14.2.1/../../../arm-none-eabi/lib/thumb/v7-m/nofp/libc_nano.a(libc_a-fflush.o)
                              /usr/lib/gcc/arm-none-eabi/14.2.1/../../../arm-none-eabi/lib/thumb/v7-m/nofp/libc_nano.a(libc_a-findfp.o) (_fflush_r)
/usr/lib/gcc/arm-none-eabi/14.2.1/../../../arm-none-eabi/lib/thumb/v7-m/nofp/libc_nano.a(libc_a-mallocr.o)
                              /usr/lib/gcc/arm-none-eabi/14.2.1/../../../arm-none-eabi/lib/thumb/v7-m/nofp/libc_nano.a(libc_a-findfp.o) (_malloc_r)
/usr/lib/gcc/arm-none-eabi/14.2.1/../../../arm-none-eabi/lib/thumb/v7-m/nofp/libc_nano.a(libc_a-freer.o)
                              /usr/lib/gcc/arm-none-eabi/14.2.1/../../../arm-none-eabi/lib/thumb/v7-m/nofp/libc_nano.a(libc_a-fflush.o) (_free_r)
/usr/lib/gcc/arm-none-eabi/14.2.1/../../../arm-none-eabi/lib/thumb/v7-m/nofp/libc_nano.a(libc_a-fwalk.o)
                              /usr/lib/gcc/arm-none-eabi/14.2.1/../../../arm-none-eabi/lib/thumb/v7-m/nofp/libc_nano.a(libc_a-findfp.o) (_fwalk_sglue)
/usr/lib/gcc/arm-none-eabi/14.2.1/../../../arm-none-eabi/lib/thumb/v7-m/nofp/libc_nano.a(libc_a-__atexit.o)
                              /usr/lib/gcc/arm-none-eabi/14.2.1/../../../arm-none-eabi/lib/thumb/v7-m/nofp/libc_nano.a(libc_a-atexit.o) (__register_exitproc)
/usr/lib/gcc/arm-none-eabi/14.2.1/../../../arm-none-eabi/lib/thumb/v7-m/nofp/libc_nano.a(libc_a-impure.o)
                              /usr/lib/gcc/arm-none-eabi/14.2.1/../../../arm-none-eabi/lib/thumb/v7-m/nofp/libc_nano.a(libc_a-fflush.o) (_impure_ptr)
/usr/lib/gcc/arm-none-eabi/14.2.1/../../../arm-none-eabi/lib/thumb/v7-m/nofp/libc_nano.a(libc_a-mlock.o)
                              /usr/lib/gcc/arm-none-eabi/14.2.1/../../../arm-none-eabi/lib/thumb/v7-m/nofp/libc_nano.a(libc_a-mallocr.o) (__malloc_lock)
/usr/lib/gcc/arm-none-eabi/14.2.1/../../../arm-none-eabi/lib/thumb/v7-m/nofp/libc_nano.a(libc_a-sbrkr.o)
                              /usr/lib/gcc/arm-none-eabi/14.2.1/../../../arm-none-eabi/lib/thumb/v7-m/nofp/libc_nano.a(libc_a-mallocr.o) (_sbrk_r)
/usr/lib/gcc/arm-none-eabi/14.2.1/../../../arm-none-eabi/lib/thumb/v7-m/nofp/libc_nano.a(libc_a-stdio.o)
                              /usr/lib/gcc/arm-none-eabi/14.2.1/../../../arm-none-eabi/lib/thumb/v7-m/nofp/libc_nano.a(libc_a-findfp.o) (__sread)
/usr/lib/gcc/arm-none-eabi/14.2.1/../../../arm-none-eabi/lib/thumb/v7-m/nofp/libc_nano.a(libc_a-readr.o)
                              /usr/lib/gcc/arm-none-eabi/14.2.1/../../../arm-none-eabi/lib/thumb/v7-m/nofp/libc_nano.a(libc_a-stdio.o) (_read_r)
/usr/lib/gcc/arm-none-eabi/14.2.1/../../../arm-none-eabi/lib/thumb/v7-m/nofp/libc_nano.a(libc_a-writer.o)
                              /usr/lib/gcc/arm-none-eabi/14.2.1/../../../arm-none-eabi/lib/thumb/v7-m/nofp/libc_nano.a(libc_a-stdio.o) (_write_r)
/usr/lib/gcc/arm-none-eabi/14.2.1/../../../arm-none-eabi/lib/thumb/v7-m/nofp/libc_nano.a(libc_a-closer.o)
                              /usr/lib/gcc/arm-none-eabi/14.2.1/../../../arm-none-eabi/lib/thumb/v7-m/nofp/libc_nano.a(libc_a-stdio.o) (_close_r)
/usr/lib/gcc/arm-none-eabi/14.2.1/../../../arm-none-eabi/lib/thumb/v7-m/nofp/libc_nano.a(libc_a-lseekr.o)
                              /usr/lib/gcc/arm-none-eabi/14.2.1/../../../arm-none-eabi/lib/thumb/v7-m/nofp/libc_nano.a(libc_a-stdio.o) (_lseek_r)
/usr/lib/gcc/arm-none-eabi/14.2.1/../../../arm-none-eabi/lib/thumb/v7-m/nofp/libc_nano.a(libc_a-__call_atexit.o)
[...]
Memory Configuration

Name             Origin             Length             Attributes
RAM              0x20000000         0x00005000         xrw
FLASH            0x08000000         0x00010000         xr
*default*        0x00000000         0xffffffff

Linker script and memory map

LOAD /usr/lib/gcc/arm-none-eabi/14.2.1/thumb/v7-m/nofp/crti.o
LOAD /usr/lib/gcc/arm-none-eabi/14.2.1/thumb/v7-m/nofp/crtbegin.o
LOAD /usr/lib/gcc/arm-none-eabi/14.2.1/../../../arm-none-eabi/lib/thumb/v7-m/nofp/crt0.o
LOAD build/main.o
LOAD build/Keyboard.o
LOAD build/ps2.o
LOAD build/stm32f1xx_it.o
LOAD build/stm32f1xx_hal_msp.o
LOAD build/usb_device.o
LOAD build/usbd_desc.o
LOAD build/usbd_conf.o
LOAD build/stm32f1xx_hal_gpio_ex.o
LOAD build/stm32f1xx_hal_pcd.o
LOAD build/stm32f1xx_hal_pcd_ex.o
LOAD build/stm32f1xx_ll_usb.o
LOAD build/stm32f1xx_hal.o
LOAD build/stm32f1xx_hal_rcc.o
LOAD build/stm32f1xx_hal_rcc_ex.o
LOAD build/stm32f1xx_hal_gpio.o
LOAD build/stm32f1xx_hal_dma.o
LOAD build/stm32f1xx_hal_cortex.o
LOAD build/stm32f1xx_hal_pwr.o
LOAD build/stm32f1xx_hal_flash.o
LOAD build/stm32f1xx_hal_flash_ex.o
LOAD build/stm32f1xx_hal_exti.o
LOAD build/stm32f1xx_hal_tim.o
LOAD build/stm32f1xx_hal_tim_ex.o
LOAD build/system_stm32f1xx.o
LOAD build/usbd_core.o
LOAD build/usbd_ctlreq.o
LOAD build/usbd_ioreq.o
LOAD build/usbd_hid.o
LOAD build/startup_stm32f103xb.o
LOAD /usr/lib/gcc/arm-none-eabi/14.2.1/../../../arm-none-eabi/lib/thumb/v7-m/nofp/libc_nano.a
LOAD /usr/lib/gcc/arm-none-eabi/14.2.1/../../../arm-none-eabi/lib/thumb/v7-m/nofp/libm.a
LOAD /usr/lib/gcc/arm-none-eabi/14.2.1/../../../arm-none-eabi/lib/thumb/v7-m/nofp/libnosys.a
START GROUP
LOAD /usr/lib/gcc/arm-none-eabi/14.2.1/thumb/v7-m/nofp/libgcc.a
LOAD /usr/lib/gcc/arm-none-eabi/14.2.1/../../../arm-none-eabi/lib/thumb/v7-m/nofp/libc_nano.a
END GROUP
START GROUP
LOAD /usr/lib/gcc/arm-none-eabi/14.2.1/thumb/v7-m/nofp/libgcc.a
LOAD /usr/lib/gcc/arm-none-eabi/14.2.1/../../../arm-none-eabi/lib/thumb/v7-m/nofp/libc_nano.a
END GROUP
LOAD /usr/lib/gcc/arm-none-eabi/14.2.1/thumb/v7-m/nofp/crtend.o
LOAD /usr/lib/gcc/arm-none-eabi/14.2.1/thumb/v7-m/nofp/crtn.o
                0x20005000                        _estack = (ORIGIN (RAM) + LENGTH (RAM))
                0x00000200                        _Min_Heap_Size = 0x200
                0x00000400                        _Min_Stack_Size = 0x400

.isr_vector     0x08000000      0x10c
                0x08000000                        . = ALIGN (0x4)
 *(.isr_vector)
 .isr_vector    0x08000000      0x10c build/startup_stm32f103xb.o
                0x08000000                g_pfnVectors
                0x0800010c                        . = ALIGN (0x4)

.text           0x0800010c     0x49a8
                0x0800010c                        . = ALIGN (0x4)
 *(.text)
 .text          0x0800010c       0x88 /usr/lib/gcc/arm-none-eabi/14.2.1/thumb/v7-m/nofp/crtbegin.o
 .text          0x08000194       0x50 /usr/lib/gcc/arm-none-eabi/14.2.1/../../../arm-none-eabi/lib/thumb/v7-m/nofp/libc_nano.a(libc_a-init.o)
                0x08000194                __libc_init_array
 .text          0x080001e4       0xa0 /usr/lib/gcc/arm-none-eabi/14.2.1/../../../arm-none-eabi/lib/thumb/v7-m/nofp/libc_nano.a(libc_a-memset.o)
                0x080001e4                memset
 *(.text*)
 .text.MX_GPIO_Init
                0x08000284      0x138 build/main.o
 .text.delay_us
                0x080003bc       0x14 build/main.o
                0x080003bc                delay_us
 .text.tp_process
                0x080003d0       0xd8 build/main.o
                0x080003d0                tp_process
 .text.Error_Handler
                0x080004a8        0x4 build/main.o
                0x080004a8                Error_Handler
 .text.MX_TIM2_Init
                0x080004ac       0x6c build/main.o
 .text.SystemClock_Config
                0x08000518       0x80 build/main.o
                0x08000518                SystemClock_Config
 .text.main     0x08000598      0x160 build/main.o
                0x08000598                main
 .text.keyboard_scan
                0x080006f8       0xc4 build/Keyboard.o
                0x080006f8                keyboard_scan
 .text.keyboard_build_report
                0x080007bc       0x50 build/Keyboard.o
                0x080007bc                keyboard_build_report
 .text.ps2_send_cmd
                0x0800080c      0x2f8 build/ps2.o
                0x0800080c                ps2_send_cmd
 .text.ps2_read_byte
                0x08000b04      0x168 build/ps2.o
                0x08000b04                ps2_read_byte
 .text.ps2_reset_device
                0x08000c6c        0xa build/ps2.o
                0x08000c6c                ps2_reset_device
 .text.ps2_request_data
                0x08000c76        0xa build/ps2.o
                0x08000c76                ps2_request_data
 .text.tp_init  0x08000c80       0x1a build/ps2.o
                0x08000c80                tp_init
 .text.NMI_Handler
                0x08000c9a        0x2 build/stm32f1xx_it.o
                0x08000c9a                NMI_Handler
 .text.HardFault_Handler
                0x08000c9c        0x2 build/stm32f1xx_it.o
                0x08000c9c                HardFault_Handler
 .text.MemManage_Handler
                0x08000c9e        0x2 build/stm32f1xx_it.o
                0x08000c9e                MemManage_Handler
 .text.BusFault_Handler
                0x08000ca0        0x2 build/stm32f1xx_it.o
                0x08000ca0                BusFault_Handler
 .text.UsageFault_Handler
                0x08000ca2        0x2 build/stm32f1xx_it.o
                0x08000ca2                UsageFault_Handler
 .text.SVC_Handler
                0x08000ca4        0x2 build/stm32f1xx_it.o
                0x08000ca4                SVC_Handler
 .text.DebugMon_Handler
                0x08000ca6        0x2 build/stm32f1xx_it.o
                0x08000ca6                DebugMon_Handler
 .text.PendSV_Handler
                0x08000ca8        0x2 build/stm32f1xx_it.o
                0x08000ca8                PendSV_Handler
 .text.SysTick_Handler
                0x08000caa        0x8 build/stm32f1xx_it.o
                0x08000caa                SysTick_Handler
 *fill*         0x08000cb2        0x2 
 .text.USB_LP_CAN1_RX0_IRQHandler
                0x08000cb4       0x10 build/stm32f1xx_it.o
                0x08000cb4                USB_LP_CAN1_RX0_IRQHandler
 .text.HAL_MspInit
                0x08000cc4       0x30 build/stm32f1xx_hal_msp.o
                0x08000cc4                HAL_MspInit
 .text.HAL_TIM_Base_MspInit
                0x08000cf4       0x26 build/stm32f1xx_hal_msp.o
                0x08000cf4                HAL_TIM_Base_MspInit
 *fill*         0x08000d1a        0x2 
 .text.MX_USB_DEVICE_Init
                0x08000d1c       0x40 build/usb_device.o
                0x08000d1c                MX_USB_DEVICE_Init
 .text.USBD_FS_DeviceDescriptor
                0x08000d5c        0xc build/usbd_desc.o
                0x08000d5c                USBD_FS_DeviceDescriptor
 .text.USBD_FS_LangIDStrDescriptor
                0x08000d68        0xc build/usbd_desc.o
                0x08000d68                USBD_FS_LangIDStrDescriptor
 .text.IntToUnicode
                0x08000d74       0x46 build/usbd_desc.o
 *fill*         0x08000dba        0x2 
 .text.Get_SerialNum
                0x08000dbc       0x38 build/usbd_desc.o
 .text.USBD_FS_SerialStrDescriptor
                0x08000df4       0x14 build/usbd_desc.o
                0x08000df4                USBD_FS_SerialStrDescriptor
 .text.USBD_FS_ProductStrDescriptor
                0x08000e08       0x24 build/usbd_desc.o
                0x08000e08                USBD_FS_ProductStrDescriptor
 .text.USBD_FS_ManufacturerStrDescriptor
                0x08000e2c       0x1c build/usbd_desc.o
                0x08000e2c                USBD_FS_ManufacturerStrDescriptor
 .text.USBD_FS_ConfigStrDescriptor
                0x08000e48       0x24 build/usbd_desc.o
                0x08000e48                USBD_FS_ConfigStrDescriptor
 .text.USBD_FS_InterfaceStrDescriptor
                0x08000e6c       0x24 build/usbd_desc.o
                0x08000e6c                USBD_FS_InterfaceStrDescriptor
 .text.USBD_Get_USB_Status
                0x08000e90       0x14 build/usbd_conf.o
 .text.HAL_PCD_MspInit
                0x08000ea4       0x40 build/usbd_conf.o
                0x08000ea4                HAL_PCD_MspInit
 .text.HAL_PCD_SetupStageCallback
                0x08000ee4       0x10 build/usbd_conf.o
                0x08000ee4                HAL_PCD_SetupStageCallback
 .text.HAL_PCD_DataOutStageCallback
                0x08000ef4       0x18 build/usbd_conf.o
                0x08000ef4                HAL_PCD_DataOutStageCallback
 .text.HAL_PCD_DataInStageCallback
                0x08000f0c       0x16 build/usbd_conf.o
                0x08000f0c                HAL_PCD_DataInStageCallback
 .text.HAL_PCD_SOFCallback
                0x08000f22        0xc build/usbd_conf.o
                0x08000f22                HAL_PCD_SOFCallback
 .text.HAL_PCD_ResetCallback
                0x08000f2e       0x24 build/usbd_conf.o
                0x08000f2e                HAL_PCD_ResetCallback
 *fill*         0x08000f52        0x2 
 .text.HAL_PCD_SuspendCallback
                0x08000f54       0x20 build/usbd_conf.o
                0x08000f54                HAL_PCD_SuspendCallback
 .text.HAL_PCD_ResumeCallback
                0x08000f74        0xc build/usbd_conf.o
                0x08000f74                HAL_PCD_ResumeCallback
 .text.USBD_LL_Init
                0x08000f80       0x68 build/usbd_conf.o
                0x08000f80                USBD_LL_Init
 .text.USBD_LL_Start
                0x08000fe8       0x10 build/usbd_conf.o
                0x08000fe8                USBD_LL_Start
 .text.USBD_LL_OpenEP
                0x08000ff8       0x16 build/usbd_conf.o
                0x08000ff8                USBD_LL_OpenEP
 .text.USBD_LL_CloseEP
                0x0800100e       0x10 build/usbd_conf.o
                0x0800100e                USBD_LL_CloseEP
 .text.USBD_LL_StallEP
                0x0800101e       0x10 build/usbd_conf.o
                0x0800101e                USBD_LL_StallEP
 .text.USBD_LL_ClearStallEP
                0x0800102e       0x10 build/usbd_conf.o
                0x0800102e                USBD_LL_ClearStallEP
 .text.USBD_LL_IsStallEP
                0x0800103e       0x2e build/usbd_conf.o
                0x0800103e                USBD_LL_IsStallEP
 .text.USBD_LL_SetUSBAddress
                0x0800106c       0x10 build/usbd_conf.o
                0x0800106c                USBD_LL_SetUSBAddress
 .text.USBD_LL_Transmit
                0x0800107c       0x10 build/usbd_conf.o
                0x0800107c                USBD_LL_Transmit
 .text.USBD_LL_PrepareReceive
                0x0800108c       0x10 build/usbd_conf.o
                0x0800108c                USBD_LL_PrepareReceive
 .text.USBD_static_malloc
                0x0800109c        0x8 build/usbd_conf.o
                0x0800109c                USBD_static_malloc
 .text.USBD_static_free
                0x080010a4        0x2 build/usbd_conf.o
                0x080010a4                USBD_static_free
 .text.HAL_PCDEx_SetConnectionState
                0x080010a6        0x2 build/usbd_conf.o
                0x080010a6                HAL_PCDEx_SetConnectionState
 .text.HAL_PCD_EP_DB_Receive
                0x080010a8      0x11c build/stm32f1xx_hal_pcd.o
 .text.HAL_PCD_Init
                0x080011c4      0x118 build/stm32f1xx_hal_pcd.o
                0x080011c4                HAL_PCD_Init
 .text.HAL_PCD_Start
                0x080012dc       0x32 build/stm32f1xx_hal_pcd.o
                0x080012dc                HAL_PCD_Start
 .text.HAL_PCD_EP_DB_Transmit
                0x0800130e      0x420 build/stm32f1xx_hal_pcd.o
 .text.PCD_EP_ISR_Handler
                0x0800172e      0x440 build/stm32f1xx_hal_pcd.o
 .text.HAL_PCD_SetAddress
                0x08001b6e       0x28 build/stm32f1xx_hal_pcd.o
                0x08001b6e                HAL_PCD_SetAddress
 .text.HAL_PCD_IRQHandler
                0x08001b96      0x1d4 build/stm32f1xx_hal_pcd.o
                0x08001b96                HAL_PCD_IRQHandler
 .text.HAL_PCD_EP_Open
                0x08001d6a       0x84 build/stm32f1xx_hal_pcd.o
                0x08001d6a                HAL_PCD_EP_Open
 .text.HAL_PCD_EP_Close
                0x08001dee       0x64 build/stm32f1xx_hal_pcd.o
                0x08001dee                HAL_PCD_EP_Close
 .text.HAL_PCD_EP_Receive
                0x08001e52       0x44 build/stm32f1xx_hal_pcd.o
                0x08001e52                HAL_PCD_EP_Receive
 .text.HAL_PCD_EP_Transmit
                0x08001e96       0x50 build/stm32f1xx_hal_pcd.o
                0x08001e96                HAL_PCD_EP_Transmit
 .text.HAL_PCD_EP_SetStall
                0x08001ee6       0x78 build/stm32f1xx_hal_pcd.o
                0x08001ee6                HAL_PCD_EP_SetStall
 .text.HAL_PCD_EP_ClrStall
                0x08001f5e       0x76 build/stm32f1xx_hal_pcd.o
                0x08001f5e                HAL_PCD_EP_ClrStall
 .text.HAL_PCDEx_PMAConfig
                0x08001fd4       0x38 build/stm32f1xx_hal_pcd_ex.o
                0x08001fd4                HAL_PCDEx_PMAConfig
 .text.USB_CoreInit
                0x0800200c        0xe build/stm32f1xx_ll_usb.o
                0x0800200c                USB_CoreInit
 .text.USB_EnableGlobalInt
                0x0800201a       0x12 build/stm32f1xx_ll_usb.o
                0x0800201a                USB_EnableGlobalInt
 .text.USB_DisableGlobalInt
                0x0800202c       0x14 build/stm32f1xx_ll_usb.o
                0x0800202c                USB_DisableGlobalInt
 .text.USB_SetCurrentMode
                0x08002040        0x4 build/stm32f1xx_ll_usb.o
                0x08002040                USB_SetCurrentMode
 .text.USB_DevInit
                0x08002044       0x22 build/stm32f1xx_ll_usb.o
                0x08002044                USB_DevInit
 .text.USB_ActivateEndpoint
                0x08002066      0x378 build/stm32f1xx_ll_usb.o
                0x08002066                USB_ActivateEndpoint
 .text.USB_DeactivateEndpoint
                0x080023de      0x1d6 build/stm32f1xx_ll_usb.o
                0x080023de                USB_DeactivateEndpoint
 .text.USB_EPSetStall
                0x080025b4       0x4a build/stm32f1xx_ll_usb.o
                0x080025b4                USB_EPSetStall
 .text.USB_EPClearStall
                0x080025fe       0xa2 build/stm32f1xx_ll_usb.o
                0x080025fe                USB_EPClearStall
 .text.USB_SetDevAddress
                0x080026a0        0xc build/stm32f1xx_ll_usb.o
                0x080026a0                USB_SetDevAddress
 .text.USB_DevConnect
                0x080026ac        0x4 build/stm32f1xx_ll_usb.o
                0x080026ac                USB_DevConnect
 .text.USB_DevDisconnect
                0x080026b0        0x4 build/stm32f1xx_ll_usb.o
                0x080026b0                USB_DevDisconnect
 .text.USB_ReadInterrupts
                0x080026b4        0x8 build/stm32f1xx_ll_usb.o
                0x080026b4                USB_ReadInterrupts
 .text.USB_EP0_OutStart
                0x080026bc        0x4 build/stm32f1xx_ll_usb.o
                0x080026bc                USB_EP0_OutStart
 .text.USB_WritePMA
                0x080026c0       0x26 build/stm32f1xx_ll_usb.o
                0x080026c0                USB_WritePMA
 .text.USB_EPStartXfer
                0x080026e6      0x8ba build/stm32f1xx_ll_usb.o
                0x080026e6                USB_EPStartXfer
 .text.USB_ReadPMA
                0x08002fa0       0x30 build/stm32f1xx_ll_usb.o
                0x08002fa0                USB_ReadPMA
 .text.HAL_InitTick
                0x08002fd0       0x4c build/stm32f1xx_hal.o
                0x08002fd0                HAL_InitTick
 .text.HAL_Init
                0x0800301c       0x24 build/stm32f1xx_hal.o
                0x0800301c                HAL_Init
 .text.HAL_IncTick
                0x08003040       0x18 build/stm32f1xx_hal.o
                0x08003040                HAL_IncTick
 .text.HAL_GetTick
                0x08003058        0xc build/stm32f1xx_hal.o
                0x08003058                HAL_GetTick
 .text.HAL_Delay
                0x08003064       0x28 build/stm32f1xx_hal.o
                0x08003064                HAL_Delay
 .text.RCC_Delay
                0x0800308c       0x2c build/stm32f1xx_hal_rcc.o
 .text.HAL_RCC_OscConfig
                0x080030b8      0x410 build/stm32f1xx_hal_rcc.o
                0x080030b8                HAL_RCC_OscConfig
 .text.HAL_RCC_GetSysClockFreq
                0x080034c8       0x70 build/stm32f1xx_hal_rcc.o
                0x080034c8                HAL_RCC_GetSysClockFreq
 .text.HAL_RCC_ClockConfig
                0x08003538      0x16c build/stm32f1xx_hal_rcc.o
                0x08003538                HAL_RCC_ClockConfig
 .text.HAL_RCCEx_PeriphCLKConfig
                0x080036a4      0x118 build/stm32f1xx_hal_rcc_ex.o
                0x080036a4                HAL_RCCEx_PeriphCLKConfig
 .text.HAL_GPIO_Init
                0x080037bc      0x214 build/stm32f1xx_hal_gpio.o
                0x080037bc                HAL_GPIO_Init
 .text.HAL_GPIO_ReadPin
                0x080039d0        0xe build/stm32f1xx_hal_gpio.o
                0x080039d0                HAL_GPIO_ReadPin
 .text.HAL_GPIO_WritePin
                0x080039de        0xc build/stm32f1xx_hal_gpio.o
                0x080039de                HAL_GPIO_WritePin
 *fill*         0x080039ea        0x2 
 .text.__NVIC_SetPriority
                0x080039ec       0x28 build/stm32f1xx_hal_cortex.o
 .text.NVIC_EncodePriority
                0x08003a14       0x3e build/stm32f1xx_hal_cortex.o
 *fill*         0x08003a52        0x2 
 .text.HAL_NVIC_SetPriorityGrouping
                0x08003a54       0x24 build/stm32f1xx_hal_cortex.o
                0x08003a54                HAL_NVIC_SetPriorityGrouping
 .text.HAL_NVIC_SetPriority
                0x08003a78       0x20 build/stm32f1xx_hal_cortex.o
                0x08003a78                HAL_NVIC_SetPriority
 .text.HAL_NVIC_EnableIRQ
                0x08003a98       0x1c build/stm32f1xx_hal_cortex.o
                0x08003a98                HAL_NVIC_EnableIRQ
 .text.HAL_SYSTICK_Config
                0x08003ab4       0x28 build/stm32f1xx_hal_cortex.o
                0x08003ab4                HAL_SYSTICK_Config
 .text.TIM_TI1_ConfigInputStage
                0x08003adc       0x24 build/stm32f1xx_hal_tim.o
 .text.TIM_TI2_ConfigInputStage
                0x08003b00       0x26 build/stm32f1xx_hal_tim.o
 .text.TIM_ITRx_SetConfig
                0x08003b26       0x10 build/stm32f1xx_hal_tim.o
 *fill*         0x08003b36        0x2 
 .text.HAL_TIM_Base_Start
                0x08003b38       0x5c build/stm32f1xx_hal_tim.o
                0x08003b38                HAL_TIM_Base_Start
 .text.TIM_Base_SetConfig
                0x08003b94       0x74 build/stm32f1xx_hal_tim.o
                0x08003b94                TIM_Base_SetConfig
 .text.HAL_TIM_Base_Init
                0x08003c08       0x58 build/stm32f1xx_hal_tim.o
                0x08003c08                HAL_TIM_Base_Init
 .text.TIM_ETR_SetConfig
                0x08003c60       0x18 build/stm32f1xx_hal_tim.o
                0x08003c60                TIM_ETR_SetConfig
 .text.HAL_TIM_ConfigClockSource
                0x08003c78       0xda build/stm32f1xx_hal_tim.o
                0x08003c78                HAL_TIM_ConfigClockSource
 *fill*         0x08003d52        0x2 
 .text.HAL_TIMEx_MasterConfigSynchronization
                0x08003d54       0x6c build/stm32f1xx_hal_tim_ex.o
                0x08003d54                HAL_TIMEx_MasterConfigSynchronization
 .text.SystemInit
                0x08003dc0        0x2 build/system_stm32f1xx.o
                0x08003dc0                SystemInit
 .text.USBD_Init
                0x08003dc2       0x2e build/usbd_core.o
                0x08003dc2                USBD_Init
 .text.USBD_RegisterClass
                0x08003df0        0xe build/usbd_core.o
                0x08003df0                USBD_RegisterClass
 .text.USBD_Start
                0x08003dfe        0xa build/usbd_core.o
                0x08003dfe                USBD_Start
 .text.USBD_SetClassConfig
                0x08003e08       0x18 build/usbd_core.o
                0x08003e08                USBD_SetClassConfig
 .text.USBD_ClrClassConfig
                0x08003e20        0xe build/usbd_core.o
                0x08003e20                USBD_ClrClassConfig
 .text.USBD_LL_SetupStage
                0x08003e2e       0x5a build/usbd_core.o
                0x08003e2e                USBD_LL_SetupStage
 .text.USBD_LL_DataOutStage
                0x08003e88       0x8c build/usbd_core.o
                0x08003e88                USBD_LL_DataOutStage
 .text.USBD_LL_DataInStage
                0x08003f14       0xd0 build/usbd_core.o
                0x08003f14                USBD_LL_DataInStage
 .text.USBD_LL_Reset
                0x08003fe4       0x50 build/usbd_core.o
                0x08003fe4                USBD_LL_Reset
 .text.USBD_LL_SetSpeed
                0x08004034        0x6 build/usbd_core.o
                0x08004034                USBD_LL_SetSpeed
 .text.USBD_LL_Suspend
                0x0800403a       0x12 build/usbd_core.o
                0x0800403a                USBD_LL_Suspend
 .text.USBD_LL_Resume
                0x0800404c       0x16 build/usbd_core.o
                0x0800404c                USBD_LL_Resume
 .text.USBD_LL_SOF
                0x08004062       0x1c build/usbd_core.o
                0x08004062                USBD_LL_SOF
 .text.USBD_GetLen
                0x0800407e       0x14 build/usbd_ctlreq.o
 .text.USBD_SetFeature
                0x08004092       0x14 build/usbd_ctlreq.o
 .text.USBD_ParseSetupRequest
                0x080040a6       0x28 build/usbd_ctlreq.o
                0x080040a6                USBD_ParseSetupRequest
 .text.USBD_CtlError
                0x080040ce       0x14 build/usbd_ctlreq.o
                0x080040ce                USBD_CtlError
 .text.USBD_GetDescriptor
                0x080040e2      0x186 build/usbd_ctlreq.o
 .text.USBD_SetAddress
                0x08004268       0x4e build/usbd_ctlreq.o
 *fill*         0x080042b6        0x2 
 .text.USBD_SetConfig
                0x080042b8       0xb0 build/usbd_ctlreq.o
 .text.USBD_GetConfig
                0x08004368       0x3e build/usbd_ctlreq.o
 .text.USBD_GetStatus
                0x080043a6       0x38 build/usbd_ctlreq.o
 .text.USBD_ClrFeature
                0x080043de       0x26 build/usbd_ctlreq.o
 .text.USBD_StdDevReq
                0x08004404       0x68 build/usbd_ctlreq.o
                0x08004404                USBD_StdDevReq
 .text.USBD_StdItfReq
                0x0800446c       0x60 build/usbd_ctlreq.o
                0x0800446c                USBD_StdItfReq
 .text.USBD_StdEPReq
                0x080044cc      0x1e2 build/usbd_ctlreq.o
                0x080044cc                USBD_StdEPReq
 .text.USBD_GetString
                0x080046ae       0x3a build/usbd_ctlreq.o
                0x080046ae                USBD_GetString
 .text.USBD_CtlSendData
                0x080046e8       0x1a build/usbd_ioreq.o
                0x080046e8                USBD_CtlSendData
 .text.USBD_CtlContinueSendData
                0x08004702       0x10 build/usbd_ioreq.o
                0x08004702                USBD_CtlContinueSendData
 .text.USBD_CtlContinueRx
                0x08004712       0x10 build/usbd_ioreq.o
                0x08004712                USBD_CtlContinueRx
 .text.USBD_CtlSendStatus
                0x08004722       0x16 build/usbd_ioreq.o
                0x08004722                USBD_CtlSendStatus
 .text.USBD_CtlReceiveStatus
                0x08004738       0x16 build/usbd_ioreq.o
                0x08004738                USBD_CtlReceiveStatus
 *fill*         0x0800474e        0x2 
 .text.USBD_HID_GetFSCfgDesc
                0x08004750        0xc build/usbd_hid.o
 .text.USBD_HID_GetHSCfgDesc
                0x0800475c        0xc build/usbd_hid.o
 .text.USBD_HID_GetOtherSpeedCfgDesc
                0x08004768        0xc build/usbd_hid.o
 .text.USBD_HID_DataIn
                0x08004774        0xa build/usbd_hid.o
 *fill*         0x0800477e        0x2 
 .text.USBD_HID_GetDeviceQualifierDesc
                0x08004780        0xc build/usbd_hid.o
 .text.USBD_HID_DataOut
                0x0800478c       0x48 build/usbd_hid.o
 .text.USBD_HID_Setup
                0x080047d4      0x114 build/usbd_hid.o
 .text.USBD_HID_DeInit
                0x080048e8       0x22 build/usbd_hid.o
 *fill*         0x0800490a        0x2 
 .text.USBD_HID_Init
                0x0800490c       0x60 build/usbd_hid.o
 .text.USBD_HID_SendMouse
                0x0800496c       0x62 build/usbd_hid.o
                0x0800496c                USBD_HID_SendMouse
 .text.USBD_HID_SendKeyboard
                0x080049ce       0x38 build/usbd_hid.o
                0x080049ce                USBD_HID_SendKeyboard
 .text.USBD_HID_SendMedia
                0x08004a06       0x4a build/usbd_hid.o
                0x08004a06                USBD_HID_SendMedia
 .text.Reset_Handler
                0x08004a50       0x48 build/startup_stm32f103xb.o
                0x08004a50                Reset_Handler
 .text.Default_Handler
                0x08004a98        0x2 build/startup_stm32f103xb.o
                0x08004a98                RTC_Alarm_IRQHandler
                0x08004a98                EXTI2_IRQHandler
                0x08004a98                TIM1_CC_IRQHandler
                0x08004a98                PVD_IRQHandler
                0x08004a98                EXTI3_IRQHandler
                0x08004a98                EXTI0_IRQHandler
                0x08004a98                I2C2_EV_IRQHandler
                0x08004a98                ADC1_2_IRQHandler
                0x08004a98                SPI1_IRQHandler
                0x08004a98                TAMPER_IRQHandler
                0x08004a98                DMA1_Channel4_IRQHandler
                0x08004a98                USART3_IRQHandler
                0x08004a98                RTC_IRQHandler
                0x08004a98                DMA1_Channel7_IRQHandler
                0x08004a98                CAN1_RX1_IRQHandler
                0x08004a98                TIM4_IRQHandler
                0x08004a98                I2C1_EV_IRQHandler
                0x08004a98                DMA1_Channel6_IRQHandler
                0x08004a98                TIM3_IRQHandler
                0x08004a98                RCC_IRQHandler
                0x08004a98                TIM1_TRG_COM_IRQHandler
                0x08004a98                DMA1_Channel1_IRQHandler
                0x08004a98                Default_Handler
                0x08004a98                EXTI15_10_IRQHandler
                0x08004a98                EXTI9_5_IRQHandler
                0x08004a98                SPI2_IRQHandler
                0x08004a98                DMA1_Channel5_IRQHandler
                0x08004a98                EXTI4_IRQHandler
                0x08004a98                USB_HP_CAN1_TX_IRQHandler
                0x08004a98                DMA1_Channel3_IRQHandler
                0x08004a98                TIM1_UP_IRQHandler
                0x08004a98                WWDG_IRQHandler
                0x08004a98                TIM2_IRQHandler
                0x08004a98                TIM1_BRK_IRQHandler
                0x08004a98                EXTI1_IRQHandler
                0x08004a98                USART2_IRQHandler
                0x08004a98                I2C2_ER_IRQHandler
                0x08004a98                DMA1_Channel2_IRQHandler
                0x08004a98                CAN1_SCE_IRQHandler
                0x08004a98                FLASH_IRQHandler
                0x08004a98                USART1_IRQHandler
                0x08004a98                I2C1_ER_IRQHandler
                0x08004a98                USBWakeUp_IRQHandler
 *(.glue_7)
 .glue_7        0x08004a9a        0x0 linker stubs
 *(.glue_7t)
 .glue_7t       0x08004a9a        0x0 linker stubs
 *(.eh_frame)
 *fill*         0x08004a9a        0x2 
 .eh_frame      0x08004a9c        0x0 /usr/lib/gcc/arm-none-eabi/14.2.1/thumb/v7-m/nofp/crtbegin.o
 *(.init)
 .init          0x08004a9c        0x4 /usr/lib/gcc/arm-none-eabi/14.2.1/thumb/v7-m/nofp/crti.o
                0x08004a9c                _init
 .init          0x08004aa0        0x8 /usr/lib/gcc/arm-none-eabi/14.2.1/thumb/v7-m/nofp/crtn.o
 *(.fini)
 .fini          0x08004aa8        0x4 /usr/lib/gcc/arm-none-eabi/14.2.1/thumb/v7-m/nofp/crti.o
                0x08004aa8                _fini
 .fini          0x08004aac        0x8 /usr/lib/gcc/arm-none-eabi/14.2.1/thumb/v7-m/nofp/crtn.o
                0x08004ab4                        . = ALIGN (0x4)
                0x08004ab4                        _etext = .

.vfp11_veneer   0x08004ab4        0x0
 .vfp11_veneer  0x08004ab4        0x0 linker stubs

.v4_bx          0x08004ab4        0x0
 .v4_bx         0x08004ab4        0x0 linker stubs

.iplt           0x08004ab4        0x0
 .iplt          0x08004ab4        0x0 /usr/lib/gcc/arm-none-eabi/14.2.1/thumb/v7-m/nofp/crtbegin.o

.rodata         0x08004ab4      0x22c
                0x08004ab4                        . = ALIGN (0x4)
 *(.rodata)
 *(.rodata*)
 .rodata.modifier
                0x08004ab4       0x80 build/Keyboard.o
 .rodata.normal
                0x08004b34       0x80 build/Keyboard.o
 .rodata.COL_Pins
                0x08004bb4       0x40 build/Keyboard.o
 .rodata.ROW_Pins
                0x08004bf4       0x80 build/Keyboard.o
 .rodata.USBD_FS_ProductStrDescriptor.str1.4
                0x08004c74       0x59 build/usbd_desc.o
                                 0x16 (size before relaxing)
 .rodata.USBD_FS_ManufacturerStrDescriptor.str1.4
                0x08004ccd       0x13 build/usbd_desc.o
 .rodata.USBD_FS_ConfigStrDescriptor.str1.4
                0x08004ccd        0xb build/usbd_desc.o
 .rodata.USBD_FS_InterfaceStrDescriptor.str1.4
                0x08004ccd        0xe build/usbd_desc.o
 .rodata.HAL_RCC_GetSysClockFreq.str1.4
                0x08004ccd       0x11 build/stm32f1xx_hal_rcc.o
 *fill*         0x08004ccd        0x3 
 .rodata.AHBPrescTable
                0x08004cd0       0x10 build/system_stm32f1xx.o
                0x08004cd0                AHBPrescTable
                0x08004ce0                        . = ALIGN (0x4)

.rel.dyn        0x08004ce0        0x0
 .rel.iplt      0x08004ce0        0x0 /usr/lib/gcc/arm-none-eabi/14.2.1/thumb/v7-m/nofp/crtbegin.o

.ARM.extab
 *(.ARM.extab* .gnu.linkonce.armextab.*)

.ARM            0x08004ce0        0x0
                0x08004ce0                        __exidx_start = .
 *(.ARM.exidx*)
                0x08004ce0                        __exidx_end = .

.preinit_array  0x08004ce0        0x0
                0x08004ce0                        PROVIDE (__preinit_array_start = .)
 *(.preinit_array*)
                0x08004ce0                        PROVIDE (__preinit_array_end = .)

.init_array     0x08004ce0        0x4
                0x08004ce0                        PROVIDE (__init_array_start = .)
 *(SORT_BY_NAME(.init_array.*))
 *(.init_array*)
 .init_array    0x08004ce0        0x4 /usr/lib/gcc/arm-none-eabi/14.2.1/thumb/v7-m/nofp/crtbegin.o
                0x08004ce4                        PROVIDE (__init_array_end = .)

.fini_array     0x08004ce4        0x4
                0x08004ce4                        PROVIDE (__fini_array_start = .)
 *(SORT_BY_NAME(.fini_array.*))
 *(.fini_array*)
 .fini_array    0x08004ce4        0x4 /usr/lib/gcc/arm-none-eabi/14.2.1/thumb/v7-m/nofp/crtbegin.o
                0x08004ce8                        PROVIDE (__fini_array_end = .)
                0x08004ce8                        _sidata = LOADADDR (.data)

.data           0x20000000      0x1d4 load address 0x08004ce8
                0x20000000                        . = ALIGN (0x4)
                0x20000000                        _sdata = .
 *(.data)
 *(.data*)
 .data.USBD_StringSerial
                0x20000000       0x1a build/usbd_desc.o
                0x20000000                USBD_StringSerial
 *fill*         0x2000001a        0x2 
 .data.USBD_LangIDDesc
                0x2000001c        0x4 build/usbd_desc.o
                0x2000001c                USBD_LangIDDesc
 .data.USBD_FS_DeviceDesc
                0x20000020       0x12 build/usbd_desc.o
                0x20000020                USBD_FS_DeviceDesc
 *fill*         0x20000032        0x2 
 .data.FS_Desc  0x20000034       0x1c build/usbd_desc.o
                0x20000034                FS_Desc
 .data.uwTickFreq
                0x20000050        0x1 build/stm32f1xx_hal.o
                0x20000050                uwTickFreq
 *fill*         0x20000051        0x3 
 .data.uwTickPrio
                0x20000054        0x4 build/stm32f1xx_hal.o
                0x20000054                uwTickPrio
 .data.SystemCoreClock
                0x20000058        0x4 build/system_stm32f1xx.o
                0x20000058                SystemCoreClock
 .data.HID_MOUSE_ReportDesc
                0x2000005c       0xa2 build/usbd_hid.o
 *fill*         0x200000fe        0x2 
 .data.USBD_HID_DeviceQualifierDesc
                0x20000100        0xa build/usbd_hid.o
 *fill*         0x2000010a        0x2 
 .data.USBD_HID_Desc
                0x2000010c        0x9 build/usbd_hid.o
 *fill*         0x20000115        0x3 
 .data.USBD_HID_OtherSpeedCfgDesc
                0x20000118       0x29 build/usbd_hid.o
 *fill*         0x20000141        0x3 
 .data.USBD_HID_CfgHSDesc
                0x20000144       0x29 build/usbd_hid.o
 *fill*         0x2000016d        0x3 
 .data.USBD_HID_CfgFSDesc
                0x20000170       0x29 build/usbd_hid.o
 *fill*         0x20000199        0x3 
 .data.USBD_HID
                0x2000019c       0x38 build/usbd_hid.o
                0x2000019c                USBD_HID
                0x200001d4                        . = ALIGN (0x4)
                0x200001d4                        _edata = .

.tm_clone_table
                0x200001d4        0x0 load address 0x08004ebc
 .tm_clone_table
                0x200001d4        0x0 /usr/lib/gcc/arm-none-eabi/14.2.1/thumb/v7-m/nofp/crtbegin.o
 .tm_clone_table
                0x200001d4        0x0 /usr/lib/gcc/arm-none-eabi/14.2.1/thumb/v7-m/nofp/crtend.o

.igot.plt       0x200001d4        0x0 load address 0x08004ebc
 .igot.plt      0x200001d4        0x0 /usr/lib/gcc/arm-none-eabi/14.2.1/thumb/v7-m/nofp/crtbegin.o
                0x200001d4                        . = ALIGN (0x4)

.bss            0x200001d4      0x85c load address 0x08004ebc
                0x200001d4                        _sbss = .
                0x200001d4                        __bss_start__ = _sbss
 *(.bss)
 .bss           0x200001d4       0x1c /usr/lib/gcc/arm-none-eabi/14.2.1/thumb/v7-m/nofp/crtbegin.o
 *(.bss*)
 .bss.last_buttons.0
                0x200001f0        0x1 build/main.o
 *fill*         0x200001f1        0x3 
 .bss.last_movement_time.1
                0x200001f4        0x4 build/main.o
 .bss.accumulated_y.2
                0x200001f8        0x2 build/main.o
 .bss.empty_sent.3
                0x200001fa        0x1 build/main.o
 *fill*         0x200001fb        0x1 
 .bss.report    0x200001fc        0x9 build/main.o
                0x200001fc                report
 *fill*         0x20000205        0x3 
 .bss.last_keys
                0x20000208        0x6 build/main.o
                0x20000208                last_keys
 *fill*         0x2000020e        0x2 
 .bss.current_keys
                0x20000210        0x6 build/main.o
                0x20000210                current_keys
 .bss.empty_sent
                0x20000216        0x1 build/main.o
 *fill*         0x20000217        0x1 
 .bss.htim2     0x20000218       0x48 build/main.o
                0x20000218                htim2
 .bss.fn_pressed
                0x20000260        0x1 build/Keyboard.o
                0x20000260                fn_pressed
 .bss.last_modifiers
                0x20000261        0x1 build/Keyboard.o
                0x20000261                last_modifiers
 .bss.current_modifiers
                0x20000262        0x1 build/Keyboard.o
                0x20000262                current_modifiers
 *fill*         0x20000263        0x1 
 .bss.hUsbDeviceFS
                0x20000264      0x2c4 build/usb_device.o
                0x20000264                hUsbDeviceFS
 .bss.USBD_StrDesc
                0x20000528      0x200 build/usbd_desc.o
                0x20000528                USBD_StrDesc
 .bss.mem.0     0x20000728       0x14 build/usbd_conf.o
 .bss.hpcd_USB_FS
                0x2000073c      0x2ec build/usbd_conf.o
                0x2000073c                hpcd_USB_FS
 .bss.uwTick    0x20000a28        0x4 build/stm32f1xx_hal.o
                0x20000a28                uwTick
 .bss.cfgidx.0  0x20000a2c        0x1 build/usbd_ctlreq.o
 .bss.led_state.0
                0x20000a2d        0x1 build/usbd_hid.o
 .bss.led_state
                0x20000a2e        0x1 build/usbd_hid.o
                0x20000a2e                led_state
 *(COMMON)
                0x20000a30                        . = ALIGN (0x4)
 *fill*         0x20000a2f        0x1 
                0x20000a30                        _ebss = .
                0x20000a30                        __bss_end__ = _ebss

._user_heap_stack
                0x20000a30      0x600 load address 0x08004ebc
                0x20000a30                        . = ALIGN (0x8)
                0x20000a30                        PROVIDE (end = .)
                [!provide]                        PROVIDE (_end = .)
                0x20000c30                        . = (. + _Min_Heap_Size)
 *fill*         0x20000a30      0x200 
                0x20001030                        . = (. + _Min_Stack_Size)
 *fill*         0x20000c30      0x400 
                0x20001030                        . = ALIGN (0x8)

/DISCARD/
 libc.a(*)
 libm.a(*)
 libgcc.a(*)

.ARM.attributes
                0x00000000       0x29
 *(.ARM.attributes)
 .ARM.attributes
                0x00000000       0x1d /usr/lib/gcc/arm-none-eabi/14.2.1/thumb/v7-m/nofp/crti.o
 .ARM.attributes
                0x0000001d       0x2d /usr/lib/gcc/arm-none-eabi/14.2.1/thumb/v7-m/nofp/crtbegin.o
 .ARM.attributes
                0x0000004a       0x2d build/main.o
 .ARM.attributes
                0x00000077       0x2d build/Keyboard.o
 .ARM.attributes
                0x000000a4       0x2d build/ps2.o
 .ARM.attributes
                0x000000d1       0x2d build/stm32f1xx_it.o
 .ARM.attributes
                0x000000fe       0x2d build/stm32f1xx_hal_msp.o
 .ARM.attributes
                0x0000012b       0x2d build/usb_device.o
 .ARM.attributes
                0x00000158       0x2d build/usbd_desc.o
 .ARM.attributes
                0x00000185       0x2d build/usbd_conf.o
 .ARM.attributes
                0x000001b2       0x2d build/stm32f1xx_hal_pcd.o
 .ARM.attributes
                0x000001df       0x2d build/stm32f1xx_hal_pcd_ex.o
 .ARM.attributes
                0x0000020c       0x2d build/stm32f1xx_ll_usb.o
 .ARM.attributes
                0x00000239       0x2d build/stm32f1xx_hal.o
 .ARM.attributes
                0x00000266       0x2d build/stm32f1xx_hal_rcc.o
 .ARM.attributes
                0x00000293       0x2d build/stm32f1xx_hal_rcc_ex.o
 .ARM.attributes
                0x000002c0       0x2d build/stm32f1xx_hal_gpio.o
 .ARM.attributes
                0x000002ed       0x2d build/stm32f1xx_hal_cortex.o
 .ARM.attributes
                0x0000031a       0x2d build/stm32f1xx_hal_tim.o
 .ARM.attributes
                0x00000347       0x2d build/stm32f1xx_hal_tim_ex.o
 .ARM.attributes
                0x00000374       0x2d build/system_stm32f1xx.o
 .ARM.attributes
                0x000003a1       0x2d build/usbd_core.o
 .ARM.attributes
                0x000003ce       0x2d build/usbd_ctlreq.o
 .ARM.attributes
                0x000003fb       0x2d build/usbd_ioreq.o
 .ARM.attributes
                0x00000428       0x2d build/usbd_hid.o
 .ARM.attributes
                0x00000455       0x21 build/startup_stm32f103xb.o
 .ARM.attributes
                0x00000476       0x2d /usr/lib/gcc/arm-none-eabi/14.2.1/../../../arm-none-eabi/lib/thumb/v7-m/nofp/libc_nano.a(libc_a-init.o)
 .ARM.attributes
                0x000004a3       0x2d /usr/lib/gcc/arm-none-eabi/14.2.1/../../../arm-none-eabi/lib/thumb/v7-m/nofp/libc_nano.a(libc_a-memset.o)
 .ARM.attributes
                0x000004d0       0x2d /usr/lib/gcc/arm-none-eabi/14.2.1/thumb/v7-m/nofp/crtend.o
 .ARM.attributes
                0x000004fd       0x1d /usr/lib/gcc/arm-none-eabi/14.2.1/thumb/v7-m/nofp/crtn.o
OUTPUT(build/usb_keyboard.elf elf32-littlearm)
LOAD linker stubs
LOAD /usr/lib/gcc/arm-none-eabi/14.2.1/../../../arm-none-eabi/lib/thumb/v7-m/nofp/libc.a
LOAD /usr/lib/gcc/arm-none-eabi/14.2.1/../../../arm-none-eabi/lib/thumb/v7-m/nofp/libm.a
LOAD /usr/lib/gcc/arm-none-eabi/14.2.1/thumb/v7-m/nofp/libgcc.a

.comment        0x00000000       0x4c
 .comment       0x00000000       0x4c /usr/lib/gcc/arm-none-eabi/14.2.1/thumb/v7-m/nofp/crtbegin.o
                                 0x27 (size before relaxing)
 .comment       0x0000004c       0x27 build/main.o
 .comment       0x0000004c       0x27 build/Keyboard.o
 .comment       0x0000004c       0x27 build/ps2.o
 .comment       0x0000004c       0x27 build/stm32f1xx_it.o
 .comment       0x0000004c       0x27 build/stm32f1xx_hal_msp.o
 .comment       0x0000004c       0x27 build/usb_device.o
 .comment       0x0000004c       0x27 build/usbd_desc.o
 .comment       0x0000004c       0x27 build/usbd_conf.o
 .comment       0x0000004c       0x27 build/stm32f1xx_hal_pcd.o
 .comment       0x0000004c       0x27 build/stm32f1xx_hal_pcd_ex.o
 .comment       0x0000004c       0x27 build/stm32f1xx_ll_usb.o
 .comment       0x0000004c       0x27 build/stm32f1xx_hal.o
 .comment       0x0000004c       0x27 build/stm32f1xx_hal_rcc.o
 .comment       0x0000004c       0x27 build/stm32f1xx_hal_rcc_ex.o
 .comment       0x0000004c       0x27 build/stm32f1xx_hal_gpio.o
 .comment       0x0000004c       0x27 build/stm32f1xx_hal_cortex.o
 .comment       0x0000004c       0x27 build/stm32f1xx_hal_tim.o
 .comment       0x0000004c       0x27 build/stm32f1xx_hal_tim_ex.o
 .comment       0x0000004c       0x27 build/system_stm32f1xx.o
 .comment       0x0000004c       0x27 build/usbd_core.o
 .comment       0x0000004c       0x27 build/usbd_ctlreq.o
 .comment       0x0000004c       0x27 build/usbd_ioreq.o
 .comment       0x0000004c       0x27 build/usbd_hid.o
 .comment       0x0000004c       0x27 /usr/lib/gcc/arm-none-eabi/14.2.1/../../../arm-none-eabi/lib/thumb/v7-m/nofp/libc_nano.a(libc_a-init.o)
 .comment       0x0000004c       0x27 /usr/lib/gcc/arm-none-eabi/14.2.1/../../../arm-none-eabi/lib/thumb/v7-m/nofp/libc_nano.a(libc_a-memset.o)
 .comment       0x0000004c       0x27 /usr/lib/gcc/arm-none-eabi/14.2.1/thumb/v7-m/nofp/crtend.o

.debug_info     0x00000000    0x16d96
 .debug_info    0x00000000     0x1a44 build/main.o
 .debug_info    0x00001a44      0x4f1 build/Keyboard.o
 .debug_info    0x00001f35      0x946 build/ps2.o
 .debug_info    0x0000287b      0x707 build/stm32f1xx_it.o
 .debug_info    0x00002f82      0x7c5 build/stm32f1xx_hal_msp.o
 .debug_info    0x00003747      0x661 build/usb_device.o
 .debug_info    0x00003da8      0x630 build/usbd_desc.o
 .debug_info    0x000043d8     0x1fe3 build/usbd_conf.o
 .debug_info    0x000063bb     0x1dd7 build/stm32f1xx_hal_pcd.o
 .debug_info    0x00008192      0x7a3 build/stm32f1xx_hal_pcd_ex.o
 .debug_info    0x00008935     0x1d67 build/stm32f1xx_ll_usb.o
 .debug_info    0x0000a69c      0x874 build/stm32f1xx_hal.o
 .debug_info    0x0000af10      0xae3 build/stm32f1xx_hal_rcc.o
 .debug_info    0x0000b9f3      0x455 build/stm32f1xx_hal_rcc_ex.o
 .debug_info    0x0000be48      0x6bf build/stm32f1xx_hal_gpio.o
 .debug_info    0x0000c507      0xe1b build/stm32f1xx_hal_cortex.o
 .debug_info    0x0000d322     0x3e9f build/stm32f1xx_hal_tim.o
 .debug_info    0x000111c1     0x1c4d build/stm32f1xx_hal_tim_ex.o
 .debug_info    0x00012e0e      0x256 build/system_stm32f1xx.o
 .debug_info    0x00013064      0xf73 build/usbd_core.o
 .debug_info    0x00013fd7     0x11df build/usbd_ctlreq.o
 .debug_info    0x000151b6      0x922 build/usbd_ioreq.o
 .debug_info    0x00015ad8     0x104e build/usbd_hid.o
 .debug_info    0x00016b26       0x30 build/startup_stm32f103xb.o
 .debug_info    0x00016b56      0x10b /usr/lib/gcc/arm-none-eabi/14.2.1/../../../arm-none-eabi/lib/thumb/v7-m/nofp/libc_nano.a(libc_a-init.o)
 .debug_info    0x00016c61      0x135 /usr/lib/gcc/arm-none-eabi/14.2.1/../../../arm-none-eabi/lib/thumb/v7-m/nofp/libc_nano.a(libc_a-memset.o)

.debug_abbrev   0x00000000     0x3797
 .debug_abbrev  0x00000000      0x390 build/main.o
 .debug_abbrev  0x00000390      0x239 build/Keyboard.o
 .debug_abbrev  0x000005c9      0x201 build/ps2.o
 .debug_abbrev  0x000007ca      0x183 build/stm32f1xx_it.o
 .debug_abbrev  0x0000094d      0x180 build/stm32f1xx_hal_msp.o
 .debug_abbrev  0x00000acd      0x18c build/usb_device.o
 .debug_abbrev  0x00000c59      0x23c build/usbd_desc.o
 .debug_abbrev  0x00000e95      0x33e build/usbd_conf.o
 .debug_abbrev  0x000011d3      0x326 build/stm32f1xx_hal_pcd.o
 .debug_abbrev  0x000014f9      0x184 build/stm32f1xx_hal_pcd_ex.o
 .debug_abbrev  0x0000167d      0x25b build/stm32f1xx_ll_usb.o
 .debug_abbrev  0x000018d8      0x232 build/stm32f1xx_hal.o
 .debug_abbrev  0x00001b0a      0x2b8 build/stm32f1xx_hal_rcc.o
 .debug_abbrev  0x00001dc2      0x1d4 build/stm32f1xx_hal_rcc_ex.o
 .debug_abbrev  0x00001f96      0x222 build/stm32f1xx_hal_gpio.o
 .debug_abbrev  0x000021b8      0x3aa build/stm32f1xx_hal_cortex.o
 .debug_abbrev  0x00002562      0x2b6 build/stm32f1xx_hal_tim.o
 .debug_abbrev  0x00002818      0x2b0 build/stm32f1xx_hal_tim_ex.o
 .debug_abbrev  0x00002ac8      0x140 build/system_stm32f1xx.o
 .debug_abbrev  0x00002c08      0x2ae build/usbd_core.o
 .debug_abbrev  0x00002eb6      0x2ec build/usbd_ctlreq.o
 .debug_abbrev  0x000031a2      0x18e build/usbd_ioreq.o
 .debug_abbrev  0x00003330      0x2ca build/usbd_hid.o
 .debug_abbrev  0x000035fa       0x1d build/startup_stm32f103xb.o
 .debug_abbrev  0x00003617       0xc9 /usr/lib/gcc/arm-none-eabi/14.2.1/../../../arm-none-eabi/lib/thumb/v7-m/nofp/libc_nano.a(libc_a-init.o)
 .debug_abbrev  0x000036e0       0xb7 /usr/lib/gcc/arm-none-eabi/14.2.1/../../../arm-none-eabi/lib/thumb/v7-m/nofp/libc_nano.a(libc_a-memset.o)

.debug_loc      0x00000000    0x12800
 .debug_loc     0x00000000      0x35a build/main.o
 .debug_loc     0x0000035a      0x2ba build/Keyboard.o
 .debug_loc     0x00000614      0x803 build/ps2.o
 .debug_loc     0x00000e17       0x40 build/stm32f1xx_it.o
 .debug_loc     0x00000e57       0x58 build/stm32f1xx_hal_msp.o
 .debug_loc     0x00000eaf       0x20 build/usb_device.o
 .debug_loc     0x00000ecf      0x4e7 build/usbd_desc.o
 .debug_loc     0x000013b6     0x105a build/usbd_conf.o
 .debug_loc     0x00002410     0x1977 build/stm32f1xx_hal_pcd.o
 .debug_loc     0x00003d87      0x15a build/stm32f1xx_hal_pcd_ex.o
 .debug_loc     0x00003ee1     0x1de1 build/stm32f1xx_ll_usb.o
 .debug_loc     0x00005cc2      0x1f9 build/stm32f1xx_hal.o
 .debug_loc     0x00005ebb      0x824 build/stm32f1xx_hal_rcc.o
 .debug_loc     0x000066df      0x3f2 build/stm32f1xx_hal_rcc_ex.o
 .debug_loc     0x00006ad1      0x55f build/stm32f1xx_hal_gpio.o
 .debug_loc     0x00007030      0x8b4 build/stm32f1xx_hal_cortex.o
 .debug_loc     0x000078e4     0x5751 build/stm32f1xx_hal_tim.o
 .debug_loc     0x0000d035     0x20d7 build/stm32f1xx_hal_tim_ex.o
 .debug_loc     0x0000f10c      0x11b build/system_stm32f1xx.o
 .debug_loc     0x0000f227      0xbaa build/usbd_core.o
 .debug_loc     0x0000fdd1     0x17db build/usbd_ctlreq.o
 .debug_loc     0x000115ac      0x3f8 build/usbd_ioreq.o
 .debug_loc     0x000119a4      0xe5c build/usbd_hid.o

.debug_aranges  0x00000000      0xff0
 .debug_aranges
                0x00000000       0x50 build/main.o
 .debug_aranges
                0x00000050       0x30 build/Keyboard.o
 .debug_aranges
                0x00000080       0x50 build/ps2.o
 .debug_aranges
                0x000000d0       0x68 build/stm32f1xx_it.o
 .debug_aranges
                0x00000138       0x28 build/stm32f1xx_hal_msp.o
 .debug_aranges
                0x00000160       0x20 build/usb_device.o
 .debug_aranges
                0x00000180       0x60 build/usbd_desc.o
 .debug_aranges
                0x000001e0      0x118 build/usbd_conf.o
 .debug_aranges
                0x000002f8      0x138 build/stm32f1xx_hal_pcd.o
 .debug_aranges
                0x00000430       0x38 build/stm32f1xx_hal_pcd_ex.o
 .debug_aranges
                0x00000468       0xf0 build/stm32f1xx_ll_usb.o
 .debug_aranges
                0x00000558       0xe0 build/stm32f1xx_hal.o
 .debug_aranges
                0x00000638       0x90 build/stm32f1xx_hal_rcc.o
 .debug_aranges
                0x000006c8       0x30 build/stm32f1xx_hal_rcc_ex.o
 .debug_aranges
                0x000006f8       0x58 build/stm32f1xx_hal_gpio.o
 .debug_aranges
                0x00000750       0xc0 build/stm32f1xx_hal_cortex.o
 .debug_aranges
                0x00000810      0x3d0 build/stm32f1xx_hal_tim.o
 .debug_aranges
                0x00000be0      0x168 build/stm32f1xx_hal_tim_ex.o
 .debug_aranges
                0x00000d48       0x28 build/system_stm32f1xx.o
 .debug_aranges
                0x00000d70       0xb8 build/usbd_core.o
 .debug_aranges
                0x00000e28       0x88 build/usbd_ctlreq.o
 .debug_aranges
                0x00000eb0       0x50 build/usbd_ioreq.o
 .debug_aranges
                0x00000f00       0x88 build/usbd_hid.o
 .debug_aranges
                0x00000f88       0x28 build/startup_stm32f103xb.o
 .debug_aranges
                0x00000fb0       0x20 /usr/lib/gcc/arm-none-eabi/14.2.1/../../../arm-none-eabi/lib/thumb/v7-m/nofp/libc_nano.a(libc_a-init.o)
 .debug_aranges
                0x00000fd0       0x20 /usr/lib/gcc/arm-none-eabi/14.2.1/../../../arm-none-eabi/lib/thumb/v7-m/nofp/libc_nano.a(libc_a-memset.o)

.debug_ranges   0x00000000     0x1338
 .debug_ranges  0x00000000       0x70 build/main.o
 .debug_ranges  0x00000070       0x88 build/Keyboard.o
 .debug_ranges  0x000000f8       0xd0 build/ps2.o
 .debug_ranges  0x000001c8       0x58 build/stm32f1xx_it.o
 .debug_ranges  0x00000220       0x18 build/stm32f1xx_hal_msp.o
 .debug_ranges  0x00000238       0x10 build/usb_device.o
 .debug_ranges  0x00000248       0x50 build/usbd_desc.o
 .debug_ranges  0x00000298      0x108 build/usbd_conf.o
 .debug_ranges  0x000003a0      0x208 build/stm32f1xx_hal_pcd.o
 .debug_ranges  0x000005a8       0x28 build/stm32f1xx_hal_pcd_ex.o
 .debug_ranges  0x000005d0      0x3a0 build/stm32f1xx_ll_usb.o
 .debug_ranges  0x00000970       0xd0 build/stm32f1xx_hal.o
 .debug_ranges  0x00000a40       0xa0 build/stm32f1xx_hal_rcc.o
 .debug_ranges  0x00000ae0       0x38 build/stm32f1xx_hal_rcc_ex.o
 .debug_ranges  0x00000b18       0x48 build/stm32f1xx_hal_gpio.o
 .debug_ranges  0x00000b60       0xb0 build/stm32f1xx_hal_cortex.o
 .debug_ranges  0x00000c10      0x3c0 build/stm32f1xx_hal_tim.o
 .debug_ranges  0x00000fd0      0x158 build/stm32f1xx_hal_tim_ex.o
 .debug_ranges  0x00001128       0x18 build/system_stm32f1xx.o
 .debug_ranges  0x00001140       0xa8 build/usbd_core.o
 .debug_ranges  0x000011e8       0x78 build/usbd_ctlreq.o
 .debug_ranges  0x00001260       0x40 build/usbd_ioreq.o
 .debug_ranges  0x000012a0       0x78 build/usbd_hid.o
 .debug_ranges  0x00001318       0x20 build/startup_stm32f103xb.o

.debug_line     0x00000000     0xe9a3
 .debug_line    0x00000000      0x798 build/main.o
 .debug_line    0x00000798      0x2ee build/Keyboard.o
 .debug_line    0x00000a86      0x782 build/ps2.o
 .debug_line    0x00001208      0x209 build/stm32f1xx_it.o
 .debug_line    0x00001411      0x167 build/stm32f1xx_hal_msp.o
 .debug_line    0x00001578      0x172 build/usb_device.o
 .debug_line    0x000016ea      0x2af build/usbd_desc.o
 .debug_line    0x00001999      0x716 build/usbd_conf.o
 .debug_line    0x000020af     0x161c build/stm32f1xx_hal_pcd.o
 .debug_line    0x000036cb      0x1ee build/stm32f1xx_hal_pcd_ex.o
 .debug_line    0x000038b9     0x17bd build/stm32f1xx_ll_usb.o
 .debug_line    0x00005076      0x489 build/stm32f1xx_hal.o
 .debug_line    0x000054ff      0xc21 build/stm32f1xx_hal_rcc.o
 .debug_line    0x00006120      0x40c build/stm32f1xx_hal_rcc_ex.o
 .debug_line    0x0000652c      0x524 build/stm32f1xx_hal_gpio.o
 .debug_line    0x00006a50      0x602 build/stm32f1xx_hal_cortex.o
 .debug_line    0x00007052     0x420b build/stm32f1xx_hal_tim.o
 .debug_line    0x0000b25d     0x1895 build/stm32f1xx_hal_tim_ex.o
 .debug_line    0x0000caf2      0x1a0 build/system_stm32f1xx.o
 .debug_line    0x0000cc92      0x674 build/usbd_core.o
 .debug_line    0x0000d306      0xa3f build/usbd_ctlreq.o
 .debug_line    0x0000dd45      0x1ff build/usbd_ioreq.o
 .debug_line    0x0000df44      0x71a build/usbd_hid.o
 .debug_line    0x0000e65e       0x72 build/startup_stm32f103xb.o
 .debug_line    0x0000e6d0      0x11e /usr/lib/gcc/arm-none-eabi/14.2.1/../../../arm-none-eabi/lib/thumb/v7-m/nofp/libc_nano.a(libc_a-init.o)
 .debug_line    0x0000e7ee      0x1b5 /usr/lib/gcc/arm-none-eabi/14.2.1/../../../arm-none-eabi/lib/thumb/v7-m/nofp/libc_nano.a(libc_a-memset.o)

.debug_str      0x00000000     0x4771
 .debug_str     0x00000000     0x4771 build/main.o
                                0xfa7 (size before relaxing)
 .debug_str     0x00004771      0x2a3 build/Keyboard.o
 .debug_str     0x00004771      0x275 build/ps2.o
 .debug_str     0x00004771      0x587 build/stm32f1xx_it.o
 .debug_str     0x00004771      0x67f build/stm32f1xx_hal_msp.o
 .debug_str     0x00004771      0x58b build/usb_device.o
 .debug_str     0x00004771      0x3f7 build/usbd_desc.o
 .debug_str     0x00004771     0x114c build/usbd_conf.o
 .debug_str     0x00004771      0xa84 build/stm32f1xx_hal_pcd.o
 .debug_str     0x00004771      0x66e build/stm32f1xx_hal_pcd_ex.o
 .debug_str     0x00004771      0x6a1 build/stm32f1xx_ll_usb.o
 .debug_str     0x00004771      0x7e9 build/stm32f1xx_hal.o
 .debug_str     0x00004771      0x5d1 build/stm32f1xx_hal_rcc.o
 .debug_str     0x00004771      0x384 build/stm32f1xx_hal_rcc_ex.o
 .debug_str     0x00004771      0x3b0 build/stm32f1xx_hal_gpio.o
 .debug_str     0x00004771      0x87a build/stm32f1xx_hal_cortex.o
 .debug_str     0x00004771     0x161e build/stm32f1xx_hal_tim.o
 .debug_str     0x00004771      0xe3a build/stm32f1xx_hal_tim_ex.o
 .debug_str     0x00004771      0x205 build/system_stm32f1xx.o
 .debug_str     0x00004771      0x7d7 build/usbd_core.o
 .debug_str     0x00004771      0x6f1 build/usbd_ctlreq.o
 .debug_str     0x00004771      0x61e build/usbd_ioreq.o
 .debug_str     0x00004771      0x8b3 build/usbd_hid.o
 .debug_str     0x00004771       0x4f build/startup_stm32f103xb.o
 .debug_str     0x00004771      0x1f6 /usr/lib/gcc/arm-none-eabi/14.2.1/../../../arm-none-eabi/lib/thumb/v7-m/nofp/libc_nano.a(libc_a-init.o)
 .debug_str     0x00004771      0x1a9 /usr/lib/gcc/arm-none-eabi/14.2.1/../../../arm-none-eabi/lib/thumb/v7-m/nofp/libc_nano.a(libc_a-memset.o)

.debug_frame    0x00000000     0x27d0
 .debug_frame   0x00000000       0xe0 build/main.o
 .debug_frame   0x000000e0       0x78 build/Keyboard.o
 .debug_frame   0x00000158       0xc8 build/ps2.o
 .debug_frame   0x00000220       0xc0 build/stm32f1xx_it.o
 .debug_frame   0x000002e0       0x40 build/stm32f1xx_hal_msp.o
 .debug_frame   0x00000320       0x28 build/usb_device.o
 .debug_frame   0x00000348       0xe0 build/usbd_desc.o
 .debug_frame   0x00000428      0x2ec build/usbd_conf.o
 .debug_frame   0x00000714      0x344 build/stm32f1xx_hal_pcd.o
 .debug_frame   0x00000a58       0x50 build/stm32f1xx_hal_pcd_ex.o
 .debug_frame   0x00000aa8      0x1f0 build/stm32f1xx_ll_usb.o
 .debug_frame   0x00000c98      0x1cc build/stm32f1xx_hal.o
 .debug_frame   0x00000e64      0x190 build/stm32f1xx_hal_rcc.o
 .debug_frame   0x00000ff4       0x68 build/stm32f1xx_hal_rcc_ex.o
 .debug_frame   0x0000105c       0xe4 build/stm32f1xx_hal_gpio.o
 .debug_frame   0x00001140      0x19c build/stm32f1xx_hal_cortex.o
 .debug_frame   0x000012dc      0xb10 build/stm32f1xx_hal_tim.o
 .debug_frame   0x00001dec      0x418 build/stm32f1xx_hal_tim_ex.o
 .debug_frame   0x00002204       0x30 build/system_stm32f1xx.o
 .debug_frame   0x00002234      0x1c4 build/usbd_core.o
 .debug_frame   0x000023f8      0x178 build/usbd_ctlreq.o
 .debug_frame   0x00002570       0xb8 build/usbd_ioreq.o
 .debug_frame   0x00002628      0x150 build/usbd_hid.o
 .debug_frame   0x00002778       0x2c /usr/lib/gcc/arm-none-eabi/14.2.1/../../../arm-none-eabi/lib/thumb/v7-m/nofp/libc_nano.a(libc_a-init.o)
 .debug_frame   0x000027a4       0x2c /usr/lib/gcc/arm-none-eabi/14.2.1/../../../arm-none-eabi/lib/thumb/v7-m/nofp/libc_nano.a(libc_a-memset.o)

.debug_loclists
                0x00000000      0x23c
 .debug_loclists
                0x00000000       0x65 /usr/lib/gcc/arm-none-eabi/14.2.1/../../../arm-none-eabi/lib/thumb/v7-m/nofp/libc_nano.a(libc_a-init.o)
 .debug_loclists
                0x00000065      0x1d7 /usr/lib/gcc/arm-none-eabi/14.2.1/../../../arm-none-eabi/lib/thumb/v7-m/nofp/libc_nano.a(libc_a-memset.o)

Cross Reference Table

Symbol                                            File
ADC1_2_IRQHandler                                 build/startup_stm32f103xb.o
AHBPrescTable                                     build/system_stm32f1xx.o
                                                  build/stm32f1xx_hal_rcc.o
APBPrescTable                                     build/system_stm32f1xx.o
                                                  build/stm32f1xx_hal_rcc.o
BusFault_Handler                                  build/stm32f1xx_it.o
CAN1_RX1_IRQHandler                               build/startup_stm32f103xb.o
CAN1_SCE_IRQHandler                               build/startup_stm32f103xb.o
DMA1_Channel1_IRQHandler                          build/startup_stm32f103xb.o
DMA1_Channel2_IRQHandler                          build/startup_stm32f103xb.o
DMA1_Channel3_IRQHandler                          build/startup_stm32f103xb.o
DMA1_Channel4_IRQHandler                          build/startup_stm32f103xb.o
DMA1_Channel5_IRQHandler                          build/startup_stm32f103xb.o
DMA1_Channel6_IRQHandler                          build/startup_stm32f103xb.o
DMA1_Channel7_IRQHandler                          build/startup_stm32f103xb.o
DebugMon_Handler                                  build/stm32f1xx_it.o
Default_Handler                                   build/startup_stm32f103xb.o
EXTI0_IRQHandler                                  build/startup_stm32f103xb.o
EXTI15_10_IRQHandler                              build/startup_stm32f103xb.o
EXTI1_IRQHandler                                  build/startup_stm32f103xb.o
EXTI2_IRQHandler                                  build/startup_stm32f103xb.o
EXTI3_IRQHandler                                  build/startup_stm32f103xb.o
EXTI4_IRQHandler                                  build/startup_stm32f103xb.o
EXTI9_5_IRQHandler                                build/startup_stm32f103xb.o
Error_Handler                                     build/main.o
                                                  build/usbd_conf.o
                                                  build/usb_device.o
FLASH_IRQHandler                                  build/startup_stm32f103xb.o
FLASH_PageErase                                   build/stm32f1xx_hal_flash_ex.o
                                                  build/stm32f1xx_hal_flash.o
FLASH_WaitForLastOperation                        build/stm32f1xx_hal_flash.o
                                                  build/stm32f1xx_hal_flash_ex.o
FS_Desc                                           build/usbd_desc.o
                                                  build/usb_device.o
HAL_DBGMCU_DisableDBGSleepMode                    build/stm32f1xx_hal.o
HAL_DBGMCU_DisableDBGStandbyMode                  build/stm32f1xx_hal.o
HAL_DBGMCU_DisableDBGStopMode                     build/stm32f1xx_hal.o
HAL_DBGMCU_EnableDBGSleepMode                     build/stm32f1xx_hal.o
HAL_DBGMCU_EnableDBGStandbyMode                   build/stm32f1xx_hal.o
HAL_DBGMCU_EnableDBGStopMode                      build/stm32f1xx_hal.o
HAL_DMA_Abort                                     build/stm32f1xx_hal_dma.o
HAL_DMA_Abort_IT                                  build/stm32f1xx_hal_dma.o
                                                  build/stm32f1xx_hal_tim_ex.o
                                                  build/stm32f1xx_hal_tim.o
HAL_DMA_DeInit                                    build/stm32f1xx_hal_dma.o
HAL_DMA_GetError                                  build/stm32f1xx_hal_dma.o
HAL_DMA_GetState                                  build/stm32f1xx_hal_dma.o
HAL_DMA_IRQHandler                                build/stm32f1xx_hal_dma.o
HAL_DMA_Init                                      build/stm32f1xx_hal_dma.o
HAL_DMA_PollForTransfer                           build/stm32f1xx_hal_dma.o
HAL_DMA_RegisterCallback                          build/stm32f1xx_hal_dma.o
HAL_DMA_Start                                     build/stm32f1xx_hal_dma.o
HAL_DMA_Start_IT                                  build/stm32f1xx_hal_dma.o
                                                  build/stm32f1xx_hal_tim_ex.o
                                                  build/stm32f1xx_hal_tim.o
HAL_DMA_UnRegisterCallback                        build/stm32f1xx_hal_dma.o
HAL_DeInit                                        build/stm32f1xx_hal.o
HAL_Delay                                         build/stm32f1xx_hal.o
                                                  build/usbd_conf.o
                                                  build/ps2.o
                                                  build/main.o
HAL_EXTI_ClearConfigLine                          build/stm32f1xx_hal_exti.o
HAL_EXTI_ClearPending                             build/stm32f1xx_hal_exti.o
HAL_EXTI_GenerateSWI                              build/stm32f1xx_hal_exti.o
HAL_EXTI_GetConfigLine                            build/stm32f1xx_hal_exti.o
HAL_EXTI_GetHandle                                build/stm32f1xx_hal_exti.o
HAL_EXTI_GetPending                               build/stm32f1xx_hal_exti.o
HAL_EXTI_IRQHandler                               build/stm32f1xx_hal_exti.o
HAL_EXTI_RegisterCallback                         build/stm32f1xx_hal_exti.o
HAL_EXTI_SetConfigLine                            build/stm32f1xx_hal_exti.o
HAL_FLASHEx_Erase                                 build/stm32f1xx_hal_flash_ex.o
HAL_FLASHEx_Erase_IT                              build/stm32f1xx_hal_flash_ex.o
HAL_FLASHEx_OBErase                               build/stm32f1xx_hal_flash_ex.o
HAL_FLASHEx_OBGetConfig                           build/stm32f1xx_hal_flash_ex.o
HAL_FLASHEx_OBGetUserData                         build/stm32f1xx_hal_flash_ex.o
HAL_FLASHEx_OBProgram                             build/stm32f1xx_hal_flash_ex.o
HAL_FLASH_EndOfOperationCallback                  build/stm32f1xx_hal_flash.o
HAL_FLASH_GetError                                build/stm32f1xx_hal_flash.o
HAL_FLASH_IRQHandler                              build/stm32f1xx_hal_flash.o
HAL_FLASH_Lock                                    build/stm32f1xx_hal_flash.o
HAL_FLASH_OB_Launch                               build/stm32f1xx_hal_flash.o
HAL_FLASH_OB_Lock                                 build/stm32f1xx_hal_flash.o
HAL_FLASH_OB_Unlock                               build/stm32f1xx_hal_flash.o
HAL_FLASH_OperationErrorCallback                  build/stm32f1xx_hal_flash.o
HAL_FLASH_Program                                 build/stm32f1xx_hal_flash.o
HAL_FLASH_Program_IT                              build/stm32f1xx_hal_flash.o
HAL_FLASH_Unlock                                  build/stm32f1xx_hal_flash.o
HAL_GPIOEx_ConfigEventout                         build/stm32f1xx_hal_gpio_ex.o
HAL_GPIOEx_DisableEventout                        build/stm32f1xx_hal_gpio_ex.o
HAL_GPIOEx_EnableEventout                         build/stm32f1xx_hal_gpio_ex.o
HAL_GPIO_DeInit                                   build/stm32f1xx_hal_gpio.o
HAL_GPIO_EXTI_Callback                            build/stm32f1xx_hal_gpio.o
HAL_GPIO_EXTI_IRQHandler                          build/stm32f1xx_hal_gpio.o
HAL_GPIO_Init                                     build/stm32f1xx_hal_gpio.o
                                                  build/stm32f1xx_hal_rcc.o
                                                  build/main.o
HAL_GPIO_LockPin                                  build/stm32f1xx_hal_gpio.o
HAL_GPIO_ReadPin                                  build/stm32f1xx_hal_gpio.o
                                                  build/ps2.o
                                                  build/Keyboard.o
HAL_GPIO_TogglePin                                build/stm32f1xx_hal_gpio.o
HAL_GPIO_WritePin                                 build/stm32f1xx_hal_gpio.o
                                                  build/usbd_hid.o
                                                  build/ps2.o
                                                  build/Keyboard.o
                                                  build/main.o
HAL_GetDEVID                                      build/stm32f1xx_hal.o
HAL_GetHalVersion                                 build/stm32f1xx_hal.o
HAL_GetREVID                                      build/stm32f1xx_hal.o
HAL_GetTick                                       build/stm32f1xx_hal.o
                                                  build/stm32f1xx_hal_flash.o
                                                  build/stm32f1xx_hal_dma.o
                                                  build/stm32f1xx_hal_rcc_ex.o
                                                  build/stm32f1xx_hal_rcc.o
                                                  build/main.o
HAL_GetTickFreq                                   build/stm32f1xx_hal.o
HAL_GetTickPrio                                   build/stm32f1xx_hal.o
HAL_GetUIDw0                                      build/stm32f1xx_hal.o
HAL_GetUIDw1                                      build/stm32f1xx_hal.o
HAL_GetUIDw2                                      build/stm32f1xx_hal.o
HAL_IncTick                                       build/stm32f1xx_hal.o
                                                  build/stm32f1xx_it.o
HAL_Init                                          build/stm32f1xx_hal.o
                                                  build/main.o
HAL_InitTick                                      build/stm32f1xx_hal.o
                                                  build/stm32f1xx_hal_rcc.o
HAL_MspDeInit                                     build/stm32f1xx_hal.o
HAL_MspInit                                       build/stm32f1xx_hal_msp.o
HAL_NVIC_ClearPendingIRQ                          build/stm32f1xx_hal_cortex.o
HAL_NVIC_DisableIRQ                               build/stm32f1xx_hal_cortex.o
                                                  build/usbd_conf.o
HAL_NVIC_EnableIRQ                                build/stm32f1xx_hal_cortex.o
                                                  build/usbd_conf.o
HAL_NVIC_GetActive                                build/stm32f1xx_hal_cortex.o
HAL_NVIC_GetPendingIRQ                            build/stm32f1xx_hal_cortex.o
HAL_NVIC_GetPriority                              build/stm32f1xx_hal_cortex.o
HAL_NVIC_GetPriorityGrouping                      build/stm32f1xx_hal_cortex.o
HAL_NVIC_SetPendingIRQ                            build/stm32f1xx_hal_cortex.o
HAL_NVIC_SetPriority                              build/stm32f1xx_hal_cortex.o
                                                  build/stm32f1xx_hal.o
                                                  build/usbd_conf.o
HAL_NVIC_SetPriorityGrouping                      build/stm32f1xx_hal_cortex.o
                                                  build/stm32f1xx_hal.o
HAL_NVIC_SystemReset                              build/stm32f1xx_hal_cortex.o
                                                  build/stm32f1xx_hal_flash.o
HAL_PCDEx_BCD_Callback                            build/stm32f1xx_hal_pcd_ex.o
HAL_PCDEx_LPM_Callback                            build/stm32f1xx_hal_pcd_ex.o
HAL_PCDEx_PMAConfig                               build/stm32f1xx_hal_pcd_ex.o
                                                  build/usbd_conf.o
HAL_PCDEx_SetConnectionState                      build/usbd_conf.o
                                                  build/stm32f1xx_hal_pcd.o
HAL_PCD_ActivateRemoteWakeup                      build/stm32f1xx_hal_pcd.o
HAL_PCD_ConnectCallback                           build/usbd_conf.o
HAL_PCD_DataInStageCallback                       build/usbd_conf.o
HAL_PCD_DataOutStageCallback                      build/usbd_conf.o
HAL_PCD_DeActivateRemoteWakeup                    build/stm32f1xx_hal_pcd.o
HAL_PCD_DeInit                                    build/stm32f1xx_hal_pcd.o
                                                  build/usbd_conf.o
HAL_PCD_DevConnect                                build/stm32f1xx_hal_pcd.o
HAL_PCD_DevDisconnect                             build/stm32f1xx_hal_pcd.o
HAL_PCD_DisconnectCallback                        build/usbd_conf.o
HAL_PCD_EP_Close                                  build/stm32f1xx_hal_pcd.o
                                                  build/usbd_conf.o
HAL_PCD_EP_ClrStall                               build/stm32f1xx_hal_pcd.o
                                                  build/usbd_conf.o
HAL_PCD_EP_Flush                                  build/stm32f1xx_hal_pcd.o
                                                  build/usbd_conf.o
HAL_PCD_EP_GetRxCount                             build/stm32f1xx_hal_pcd.o
                                                  build/usbd_conf.o
HAL_PCD_EP_Open                                   build/stm32f1xx_hal_pcd.o
                                                  build/usbd_conf.o
HAL_PCD_EP_Receive                                build/stm32f1xx_hal_pcd.o
                                                  build/usbd_conf.o
HAL_PCD_EP_SetStall                               build/stm32f1xx_hal_pcd.o
                                                  build/usbd_conf.o
HAL_PCD_EP_Transmit                               build/stm32f1xx_hal_pcd.o
                                                  build/usbd_conf.o
HAL_PCD_GetState                                  build/stm32f1xx_hal_pcd.o
HAL_PCD_IRQHandler                                build/stm32f1xx_hal_pcd.o
                                                  build/stm32f1xx_it.o
HAL_PCD_ISOINIncompleteCallback                   build/usbd_conf.o
HAL_PCD_ISOOUTIncompleteCallback                  build/usbd_conf.o
HAL_PCD_Init                                      build/stm32f1xx_hal_pcd.o
                                                  build/usbd_conf.o
HAL_PCD_MspDeInit                                 build/usbd_conf.o
HAL_PCD_MspInit                                   build/usbd_conf.o
HAL_PCD_ResetCallback                             build/usbd_conf.o
HAL_PCD_ResumeCallback                            build/usbd_conf.o
HAL_PCD_SOFCallback                               build/usbd_conf.o
HAL_PCD_SetAddress                                build/stm32f1xx_hal_pcd.o
                                                  build/usbd_conf.o
HAL_PCD_SetupStageCallback                        build/usbd_conf.o
HAL_PCD_Start                                     build/stm32f1xx_hal_pcd.o
                                                  build/usbd_conf.o
HAL_PCD_Stop                                      build/stm32f1xx_hal_pcd.o
                                                  build/usbd_conf.o
HAL_PCD_SuspendCallback                           build/usbd_conf.o
HAL_PCD_WKUP_IRQHandler                           build/stm32f1xx_hal_pcd.o
HAL_PWR_ConfigPVD                                 build/stm32f1xx_hal_pwr.o
HAL_PWR_DeInit                                    build/stm32f1xx_hal_pwr.o
HAL_PWR_DisableBkUpAccess                         build/stm32f1xx_hal_pwr.o
HAL_PWR_DisablePVD                                build/stm32f1xx_hal_pwr.o
HAL_PWR_DisableSEVOnPend                          build/stm32f1xx_hal_pwr.o
HAL_PWR_DisableSleepOnExit                        build/stm32f1xx_hal_pwr.o
HAL_PWR_DisableWakeUpPin                          build/stm32f1xx_hal_pwr.o
HAL_PWR_EnableBkUpAccess                          build/stm32f1xx_hal_pwr.o
HAL_PWR_EnablePVD                                 build/stm32f1xx_hal_pwr.o
HAL_PWR_EnableSEVOnPend                           build/stm32f1xx_hal_pwr.o
HAL_PWR_EnableSleepOnExit                         build/stm32f1xx_hal_pwr.o
HAL_PWR_EnableWakeUpPin                           build/stm32f1xx_hal_pwr.o
HAL_PWR_EnterSLEEPMode                            build/stm32f1xx_hal_pwr.o
HAL_PWR_EnterSTANDBYMode                          build/stm32f1xx_hal_pwr.o
HAL_PWR_EnterSTOPMode                             build/stm32f1xx_hal_pwr.o
HAL_PWR_PVDCallback                               build/stm32f1xx_hal_pwr.o
HAL_PWR_PVD_IRQHandler                            build/stm32f1xx_hal_pwr.o
HAL_RCCEx_GetPeriphCLKConfig                      build/stm32f1xx_hal_rcc_ex.o
HAL_RCCEx_GetPeriphCLKFreq                        build/stm32f1xx_hal_rcc_ex.o
HAL_RCCEx_PeriphCLKConfig                         build/stm32f1xx_hal_rcc_ex.o
                                                  build/main.o
HAL_RCC_CSSCallback                               build/stm32f1xx_hal_rcc.o
HAL_RCC_ClockConfig                               build/stm32f1xx_hal_rcc.o
                                                  build/main.o
HAL_RCC_DeInit                                    build/stm32f1xx_hal_rcc.o
HAL_RCC_DisableCSS                                build/stm32f1xx_hal_rcc.o
HAL_RCC_EnableCSS                                 build/stm32f1xx_hal_rcc.o
HAL_RCC_GetClockConfig                            build/stm32f1xx_hal_rcc.o
HAL_RCC_GetHCLKFreq                               build/stm32f1xx_hal_rcc.o
HAL_RCC_GetOscConfig                              build/stm32f1xx_hal_rcc.o
HAL_RCC_GetPCLK1Freq                              build/stm32f1xx_hal_rcc.o
HAL_RCC_GetPCLK2Freq                              build/stm32f1xx_hal_rcc.o
                                                  build/stm32f1xx_hal_rcc_ex.o
HAL_RCC_GetSysClockFreq                           build/stm32f1xx_hal_rcc.o
HAL_RCC_MCOConfig                                 build/stm32f1xx_hal_rcc.o
HAL_RCC_NMI_IRQHandler                            build/stm32f1xx_hal_rcc.o
HAL_RCC_OscConfig                                 build/stm32f1xx_hal_rcc.o
                                                  build/main.o
HAL_ResumeTick                                    build/stm32f1xx_hal.o
HAL_SYSTICK_CLKSourceConfig                       build/stm32f1xx_hal_cortex.o
HAL_SYSTICK_Callback                              build/stm32f1xx_hal_cortex.o
HAL_SYSTICK_Config                                build/stm32f1xx_hal_cortex.o
                                                  build/stm32f1xx_hal.o
HAL_SYSTICK_IRQHandler                            build/stm32f1xx_hal_cortex.o
HAL_SetTickFreq                                   build/stm32f1xx_hal.o
HAL_SuspendTick                                   build/stm32f1xx_hal.o
HAL_TIMEx_BreakCallback                           build/stm32f1xx_hal_tim_ex.o
                                                  build/stm32f1xx_hal_tim.o
HAL_TIMEx_CommutCallback                          build/stm32f1xx_hal_tim_ex.o
                                                  build/stm32f1xx_hal_tim.o
HAL_TIMEx_CommutHalfCpltCallback                  build/stm32f1xx_hal_tim_ex.o
HAL_TIMEx_ConfigBreakDeadTime                     build/stm32f1xx_hal_tim_ex.o
HAL_TIMEx_ConfigCommutEvent                       build/stm32f1xx_hal_tim_ex.o
HAL_TIMEx_ConfigCommutEvent_DMA                   build/stm32f1xx_hal_tim_ex.o
HAL_TIMEx_ConfigCommutEvent_IT                    build/stm32f1xx_hal_tim_ex.o
HAL_TIMEx_GetChannelNState                        build/stm32f1xx_hal_tim_ex.o
HAL_TIMEx_HallSensor_DeInit                       build/stm32f1xx_hal_tim_ex.o
HAL_TIMEx_HallSensor_GetState                     build/stm32f1xx_hal_tim_ex.o
HAL_TIMEx_HallSensor_Init                         build/stm32f1xx_hal_tim_ex.o
HAL_TIMEx_HallSensor_MspDeInit                    build/stm32f1xx_hal_tim_ex.o
HAL_TIMEx_HallSensor_MspInit                      build/stm32f1xx_hal_tim_ex.o
HAL_TIMEx_HallSensor_Start                        build/stm32f1xx_hal_tim_ex.o
HAL_TIMEx_HallSensor_Start_DMA                    build/stm32f1xx_hal_tim_ex.o
HAL_TIMEx_HallSensor_Start_IT                     build/stm32f1xx_hal_tim_ex.o
HAL_TIMEx_HallSensor_Stop                         build/stm32f1xx_hal_tim_ex.o
HAL_TIMEx_HallSensor_Stop_DMA                     build/stm32f1xx_hal_tim_ex.o
HAL_TIMEx_HallSensor_Stop_IT                      build/stm32f1xx_hal_tim_ex.o
HAL_TIMEx_MasterConfigSynchronization             build/stm32f1xx_hal_tim_ex.o
                                                  build/main.o
HAL_TIMEx_OCN_Start                               build/stm32f1xx_hal_tim_ex.o
HAL_TIMEx_OCN_Start_DMA                           build/stm32f1xx_hal_tim_ex.o
HAL_TIMEx_OCN_Start_IT                            build/stm32f1xx_hal_tim_ex.o
HAL_TIMEx_OCN_Stop                                build/stm32f1xx_hal_tim_ex.o
HAL_TIMEx_OCN_Stop_DMA                            build/stm32f1xx_hal_tim_ex.o
HAL_TIMEx_OCN_Stop_IT                             build/stm32f1xx_hal_tim_ex.o
HAL_TIMEx_OnePulseN_Start                         build/stm32f1xx_hal_tim_ex.o
HAL_TIMEx_OnePulseN_Start_IT                      build/stm32f1xx_hal_tim_ex.o
HAL_TIMEx_OnePulseN_Stop                          build/stm32f1xx_hal_tim_ex.o
HAL_TIMEx_OnePulseN_Stop_IT                       build/stm32f1xx_hal_tim_ex.o
HAL_TIMEx_PWMN_Start                              build/stm32f1xx_hal_tim_ex.o
HAL_TIMEx_PWMN_Start_DMA                          build/stm32f1xx_hal_tim_ex.o
HAL_TIMEx_PWMN_Start_IT                           build/stm32f1xx_hal_tim_ex.o
HAL_TIMEx_PWMN_Stop                               build/stm32f1xx_hal_tim_ex.o
HAL_TIMEx_PWMN_Stop_DMA                           build/stm32f1xx_hal_tim_ex.o
HAL_TIMEx_PWMN_Stop_IT                            build/stm32f1xx_hal_tim_ex.o
HAL_TIMEx_RemapConfig                             build/stm32f1xx_hal_tim_ex.o
HAL_TIM_Base_DeInit                               build/stm32f1xx_hal_tim.o
HAL_TIM_Base_GetState                             build/stm32f1xx_hal_tim.o
HAL_TIM_Base_Init                                 build/stm32f1xx_hal_tim.o
                                                  build/main.o
HAL_TIM_Base_MspDeInit                            build/stm32f1xx_hal_tim.o
HAL_TIM_Base_MspInit                              build/stm32f1xx_hal_msp.o
HAL_TIM_Base_Start                                build/stm32f1xx_hal_tim.o
                                                  build/main.o
HAL_TIM_Base_Start_DMA                            build/stm32f1xx_hal_tim.o
HAL_TIM_Base_Start_IT                             build/stm32f1xx_hal_tim.o
HAL_TIM_Base_Stop                                 build/stm32f1xx_hal_tim.o
HAL_TIM_Base_Stop_DMA                             build/stm32f1xx_hal_tim.o
HAL_TIM_Base_Stop_IT                              build/stm32f1xx_hal_tim.o
HAL_TIM_ConfigClockSource                         build/stm32f1xx_hal_tim.o
                                                  build/main.o
HAL_TIM_ConfigOCrefClear                          build/stm32f1xx_hal_tim.o
HAL_TIM_ConfigTI1Input                            build/stm32f1xx_hal_tim.o
HAL_TIM_DMABurstState                             build/stm32f1xx_hal_tim.o
HAL_TIM_DMABurst_MultiReadStart                   build/stm32f1xx_hal_tim.o
HAL_TIM_DMABurst_MultiWriteStart                  build/stm32f1xx_hal_tim.o
HAL_TIM_DMABurst_ReadStart                        build/stm32f1xx_hal_tim.o
HAL_TIM_DMABurst_ReadStop                         build/stm32f1xx_hal_tim.o
HAL_TIM_DMABurst_WriteStart                       build/stm32f1xx_hal_tim.o
HAL_TIM_DMABurst_WriteStop                        build/stm32f1xx_hal_tim.o
HAL_TIM_Encoder_DeInit                            build/stm32f1xx_hal_tim.o
HAL_TIM_Encoder_GetState                          build/stm32f1xx_hal_tim.o
HAL_TIM_Encoder_Init                              build/stm32f1xx_hal_tim.o
HAL_TIM_Encoder_MspDeInit                         build/stm32f1xx_hal_tim.o
HAL_TIM_Encoder_MspInit                           build/stm32f1xx_hal_tim.o
HAL_TIM_Encoder_Start                             build/stm32f1xx_hal_tim.o
HAL_TIM_Encoder_Start_DMA                         build/stm32f1xx_hal_tim.o
HAL_TIM_Encoder_Start_IT                          build/stm32f1xx_hal_tim.o
HAL_TIM_Encoder_Stop                              build/stm32f1xx_hal_tim.o
HAL_TIM_Encoder_Stop_DMA                          build/stm32f1xx_hal_tim.o
HAL_TIM_Encoder_Stop_IT                           build/stm32f1xx_hal_tim.o
HAL_TIM_ErrorCallback                             build/stm32f1xx_hal_tim.o
                                                  build/stm32f1xx_hal_tim_ex.o
HAL_TIM_GenerateEvent                             build/stm32f1xx_hal_tim.o
HAL_TIM_GetActiveChannel                          build/stm32f1xx_hal_tim.o
HAL_TIM_GetChannelState                           build/stm32f1xx_hal_tim.o
HAL_TIM_IC_CaptureCallback                        build/stm32f1xx_hal_tim.o
HAL_TIM_IC_CaptureHalfCpltCallback                build/stm32f1xx_hal_tim.o
HAL_TIM_IC_ConfigChannel                          build/stm32f1xx_hal_tim.o
HAL_TIM_IC_DeInit                                 build/stm32f1xx_hal_tim.o
HAL_TIM_IC_GetState                               build/stm32f1xx_hal_tim.o
HAL_TIM_IC_Init                                   build/stm32f1xx_hal_tim.o
HAL_TIM_IC_MspDeInit                              build/stm32f1xx_hal_tim.o
HAL_TIM_IC_MspInit                                build/stm32f1xx_hal_tim.o
HAL_TIM_IC_Start                                  build/stm32f1xx_hal_tim.o
HAL_TIM_IC_Start_DMA                              build/stm32f1xx_hal_tim.o
HAL_TIM_IC_Start_IT                               build/stm32f1xx_hal_tim.o
HAL_TIM_IC_Stop                                   build/stm32f1xx_hal_tim.o
HAL_TIM_IC_Stop_DMA                               build/stm32f1xx_hal_tim.o
HAL_TIM_IC_Stop_IT                                build/stm32f1xx_hal_tim.o
HAL_TIM_IRQHandler                                build/stm32f1xx_hal_tim.o
HAL_TIM_OC_ConfigChannel                          build/stm32f1xx_hal_tim.o
HAL_TIM_OC_DeInit                                 build/stm32f1xx_hal_tim.o
HAL_TIM_OC_DelayElapsedCallback                   build/stm32f1xx_hal_tim.o
HAL_TIM_OC_GetState                               build/stm32f1xx_hal_tim.o
HAL_TIM_OC_Init                                   build/stm32f1xx_hal_tim.o
HAL_TIM_OC_MspDeInit                              build/stm32f1xx_hal_tim.o
HAL_TIM_OC_MspInit                                build/stm32f1xx_hal_tim.o
HAL_TIM_OC_Start                                  build/stm32f1xx_hal_tim.o
HAL_TIM_OC_Start_DMA                              build/stm32f1xx_hal_tim.o
HAL_TIM_OC_Start_IT                               build/stm32f1xx_hal_tim.o
HAL_TIM_OC_Stop                                   build/stm32f1xx_hal_tim.o
HAL_TIM_OC_Stop_DMA                               build/stm32f1xx_hal_tim.o
HAL_TIM_OC_Stop_IT                                build/stm32f1xx_hal_tim.o
HAL_TIM_OnePulse_ConfigChannel                    build/stm32f1xx_hal_tim.o
HAL_TIM_OnePulse_DeInit                           build/stm32f1xx_hal_tim.o
HAL_TIM_OnePulse_GetState                         build/stm32f1xx_hal_tim.o
HAL_TIM_OnePulse_Init                             build/stm32f1xx_hal_tim.o
HAL_TIM_OnePulse_MspDeInit                        build/stm32f1xx_hal_tim.o
HAL_TIM_OnePulse_MspInit                          build/stm32f1xx_hal_tim.o
HAL_TIM_OnePulse_Start                            build/stm32f1xx_hal_tim.o
HAL_TIM_OnePulse_Start_IT                         build/stm32f1xx_hal_tim.o
HAL_TIM_OnePulse_Stop                             build/stm32f1xx_hal_tim.o
HAL_TIM_OnePulse_Stop_IT                          build/stm32f1xx_hal_tim.o
HAL_TIM_PWM_ConfigChannel                         build/stm32f1xx_hal_tim.o
HAL_TIM_PWM_DeInit                                build/stm32f1xx_hal_tim.o
HAL_TIM_PWM_GetState                              build/stm32f1xx_hal_tim.o
HAL_TIM_PWM_Init                                  build/stm32f1xx_hal_tim.o
HAL_TIM_PWM_MspDeInit                             build/stm32f1xx_hal_tim.o
HAL_TIM_PWM_MspInit                               build/stm32f1xx_hal_tim.o
HAL_TIM_PWM_PulseFinishedCallback                 build/stm32f1xx_hal_tim.o
                                                  build/stm32f1xx_hal_tim_ex.o
HAL_TIM_PWM_PulseFinishedHalfCpltCallback         build/stm32f1xx_hal_tim.o
HAL_TIM_PWM_Start                                 build/stm32f1xx_hal_tim.o
HAL_TIM_PWM_Start_DMA                             build/stm32f1xx_hal_tim.o
HAL_TIM_PWM_Start_IT                              build/stm32f1xx_hal_tim.o
HAL_TIM_PWM_Stop                                  build/stm32f1xx_hal_tim.o
HAL_TIM_PWM_Stop_DMA                              build/stm32f1xx_hal_tim.o
HAL_TIM_PWM_Stop_IT                               build/stm32f1xx_hal_tim.o
HAL_TIM_PeriodElapsedCallback                     build/stm32f1xx_hal_tim.o
HAL_TIM_PeriodElapsedHalfCpltCallback             build/stm32f1xx_hal_tim.o
HAL_TIM_ReadCapturedValue                         build/stm32f1xx_hal_tim.o
HAL_TIM_SlaveConfigSynchro                        build/stm32f1xx_hal_tim.o
HAL_TIM_SlaveConfigSynchro_IT                     build/stm32f1xx_hal_tim.o
HAL_TIM_TriggerCallback                           build/stm32f1xx_hal_tim.o
HAL_TIM_TriggerHalfCpltCallback                   build/stm32f1xx_hal_tim.o
HardFault_Handler                                 build/stm32f1xx_it.o
I2C1_ER_IRQHandler                                build/startup_stm32f103xb.o
I2C1_EV_IRQHandler                                build/startup_stm32f103xb.o
I2C2_ER_IRQHandler                                build/startup_stm32f103xb.o
I2C2_EV_IRQHandler                                build/startup_stm32f103xb.o
MX_USB_DEVICE_Init                                build/usb_device.o
                                                  build/main.o
MemManage_Handler                                 build/stm32f1xx_it.o
NMI_Handler                                       build/stm32f1xx_it.o
PVD_IRQHandler                                    build/startup_stm32f103xb.o
PendSV_Handler                                    build/stm32f1xx_it.o
RCC_IRQHandler                                    build/startup_stm32f103xb.o
RTC_Alarm_IRQHandler                              build/startup_stm32f103xb.o
RTC_IRQHandler                                    build/startup_stm32f103xb.o
Reset_Handler                                     build/startup_stm32f103xb.o
SPI1_IRQHandler                                   build/startup_stm32f103xb.o
SPI2_IRQHandler                                   build/startup_stm32f103xb.o
SVC_Handler                                       build/stm32f1xx_it.o
SysTick_Handler                                   build/stm32f1xx_it.o
SystemClock_Config                                build/main.o
SystemCoreClock                                   build/system_stm32f1xx.o
                                                  build/stm32f1xx_hal_rcc.o
                                                  build/stm32f1xx_hal.o
SystemCoreClockUpdate                             build/system_stm32f1xx.o
SystemInit                                        build/system_stm32f1xx.o
                                                  build/startup_stm32f103xb.o
TAMPER_IRQHandler                                 build/startup_stm32f103xb.o
TIM1_BRK_IRQHandler                               build/startup_stm32f103xb.o
TIM1_CC_IRQHandler                                build/startup_stm32f103xb.o
TIM1_TRG_COM_IRQHandler                           build/startup_stm32f103xb.o
TIM1_UP_IRQHandler                                build/startup_stm32f103xb.o
TIM2_IRQHandler                                   build/startup_stm32f103xb.o
TIM3_IRQHandler                                   build/startup_stm32f103xb.o
TIM4_IRQHandler                                   build/startup_stm32f103xb.o
TIMEx_DMACommutationCplt                          build/stm32f1xx_hal_tim_ex.o
                                                  build/stm32f1xx_hal_tim.o
TIMEx_DMACommutationHalfCplt                      build/stm32f1xx_hal_tim_ex.o
                                                  build/stm32f1xx_hal_tim.o
TIM_Base_SetConfig                                build/stm32f1xx_hal_tim.o
                                                  build/stm32f1xx_hal_tim_ex.o
TIM_CCxChannelCmd                                 build/stm32f1xx_hal_tim.o
                                                  build/stm32f1xx_hal_tim_ex.o
TIM_DMACaptureCplt                                build/stm32f1xx_hal_tim.o
                                                  build/stm32f1xx_hal_tim_ex.o
TIM_DMACaptureHalfCplt                            build/stm32f1xx_hal_tim.o
                                                  build/stm32f1xx_hal_tim_ex.o
TIM_DMADelayPulseHalfCplt                         build/stm32f1xx_hal_tim.o
                                                  build/stm32f1xx_hal_tim_ex.o
TIM_DMAError                                      build/stm32f1xx_hal_tim.o
                                                  build/stm32f1xx_hal_tim_ex.o
TIM_ETR_SetConfig                                 build/stm32f1xx_hal_tim.o
TIM_OC2_SetConfig                                 build/stm32f1xx_hal_tim.o
                                                  build/stm32f1xx_hal_tim_ex.o
TIM_TI1_SetConfig                                 build/stm32f1xx_hal_tim.o
                                                  build/stm32f1xx_hal_tim_ex.o
USART1_IRQHandler                                 build/startup_stm32f103xb.o
USART2_IRQHandler                                 build/startup_stm32f103xb.o
USART3_IRQHandler                                 build/startup_stm32f103xb.o
USBD_ClrClassConfig                               build/usbd_core.o
                                                  build/usbd_ctlreq.o
USBD_CtlContinueRx                                build/usbd_ioreq.o
                                                  build/usbd_core.o
USBD_CtlContinueSendData                          build/usbd_ioreq.o
                                                  build/usbd_core.o
USBD_CtlError                                     build/usbd_ctlreq.o
                                                  build/usbd_hid.o
USBD_CtlPrepareRx                                 build/usbd_ioreq.o
USBD_CtlReceiveStatus                             build/usbd_ioreq.o
                                                  build/usbd_core.o
USBD_CtlSendData                                  build/usbd_ioreq.o
                                                  build/usbd_hid.o
                                                  build/usbd_ctlreq.o
USBD_CtlSendStatus                                build/usbd_ioreq.o
                                                  build/usbd_ctlreq.o
                                                  build/usbd_core.o
USBD_DeInit                                       build/usbd_core.o
USBD_FS_ConfigStrDescriptor                       build/usbd_desc.o
USBD_FS_DeviceDesc                                build/usbd_desc.o
USBD_FS_DeviceDescriptor                          build/usbd_desc.o
USBD_FS_InterfaceStrDescriptor                    build/usbd_desc.o
USBD_FS_LangIDStrDescriptor                       build/usbd_desc.o
USBD_FS_ManufacturerStrDescriptor                 build/usbd_desc.o
USBD_FS_ProductStrDescriptor                      build/usbd_desc.o
USBD_FS_SerialStrDescriptor                       build/usbd_desc.o
USBD_GetRxCount                                   build/usbd_ioreq.o
USBD_GetString                                    build/usbd_ctlreq.o
                                                  build/usbd_desc.o
USBD_HID                                          build/usbd_hid.o
                                                  build/usb_device.o
USBD_HID_GetPollingInterval                       build/usbd_hid.o
USBD_HID_SendKeyboard                             build/usbd_hid.o
                                                  build/main.o
USBD_HID_SendMedia                                build/usbd_hid.o
                                                  build/main.o
USBD_HID_SendMouse                                build/usbd_hid.o
                                                  build/main.o
USBD_HID_SendReport                               build/usbd_hid.o
USBD_Init                                         build/usbd_core.o
                                                  build/usb_device.o
USBD_LL_ClearStallEP                              build/usbd_conf.o
                                                  build/usbd_ctlreq.o
USBD_LL_CloseEP                                   build/usbd_conf.o
                                                  build/usbd_hid.o
USBD_LL_DataInStage                               build/usbd_core.o
                                                  build/usbd_conf.o
USBD_LL_DataOutStage                              build/usbd_core.o
                                                  build/usbd_conf.o
USBD_LL_DeInit                                    build/usbd_conf.o
                                                  build/usbd_core.o
USBD_LL_Delay                                     build/usbd_conf.o
USBD_LL_DevConnected                              build/usbd_core.o
                                                  build/usbd_conf.o
USBD_LL_DevDisconnected                           build/usbd_core.o
                                                  build/usbd_conf.o
USBD_LL_FlushEP                                   build/usbd_conf.o
USBD_LL_GetRxDataSize                             build/usbd_conf.o
                                                  build/usbd_ioreq.o
USBD_LL_Init                                      build/usbd_conf.o